C:\Users\guill\Documents\MCUXpressoIDE_11.9.0_2144\workspace\frdmk22f_ftm_simple_pwm_PWM\CMSIS/core_cm4.h:1684:22:__NVIC_EnableIRQ	16	static
C:\Users\guill\Documents\MCUXpressoIDE_11.9.0_2144\workspace\frdmk22f_ftm_simple_pwm_PWM\CMSIS/core_cm4.h:1814:22:__NVIC_SetPriority	16	static
C:\Users\guill\Documents\MCUXpressoIDE_11.9.0_2144\workspace\frdmk22f_ftm_simple_pwm_PWM\CMSIS/core_cm4.h:2022:26:SysTick_Config	16	static
C:\Users\guill\Documents\MCUXpressoIDE_11.9.0_2144\workspace\frdmk22f_ftm_simple_pwm_PWM\drivers/fsl_common_arm.h:570:24:EnableIRQ	24	static
C:\Users\guill\Documents\MCUXpressoIDE_11.9.0_2144\workspace\frdmk22f_ftm_simple_pwm_PWM\drivers/fsl_port.h:528:20:PORT_SetPinInterruptConfig	24	static
C:\Users\guill\Documents\MCUXpressoIDE_11.9.0_2144\workspace\frdmk22f_ftm_simple_pwm_PWM\drivers/fsl_gpio.h:329:20:GPIO_PinWrite	24	static
C:\Users\guill\Documents\MCUXpressoIDE_11.9.0_2144\workspace\frdmk22f_ftm_simple_pwm_PWM\drivers/fsl_gpio.h:411:24:GPIO_PinRead	16	static
C:\Users\guill\Documents\MCUXpressoIDE_11.9.0_2144\workspace\frdmk22f_ftm_simple_pwm_PWM\drivers/fsl_ftm.h:443:36:FTM_CalculateCounterClkDiv	32	static
C:\Users\guill\Documents\MCUXpressoIDE_11.9.0_2144\workspace\frdmk22f_ftm_simple_pwm_PWM\drivers/fsl_ftm.h:737:20:FTM_StartTimer	24	static
C:\Users\guill\Documents\MCUXpressoIDE_11.9.0_2144\workspace\frdmk22f_ftm_simple_pwm_PWM\drivers/fsl_ftm.h:1033:20:FTM_SetSoftwareTrigger	16	static
C:\Users\guill\Documents\MCUXpressoIDE_11.9.0_2144\workspace\frdmk22f_ftm_simple_pwm_PWM\drivers/fsl_adc16.h:367:20:ADC16_EnableHardwareTrigger	16	static
C:\Users\guill\Documents\MCUXpressoIDE_11.9.0_2144\workspace\frdmk22f_ftm_simple_pwm_PWM\drivers/fsl_adc16.h:512:24:ADC16_GetChannelConversionValue	16	static
../source/ftm_simple_pwm.c:189:6:SysTick_Handler	4	static
../source/ftm_simple_pwm.c:194:6:init_delay	8	static
../source/ftm_simple_pwm.c:198:6:delay_us	16	static
../source/ftm_simple_pwm.c:205:6:turn	16	static
../source/ftm_simple_pwm.c:230:6:motorBreak	8	static
../source/ftm_simple_pwm.c:238:6:startUpSpeed	16	static
../source/ftm_simple_pwm.c:250:6:UpdatePwmDutycycleTurn	16	static
../source/ftm_simple_pwm.c:270:6:UpdatePwmDutycycleSpeed	16	static
../source/ftm_simple_pwm.c:305:6:FTM2_IRQHandler	8	static
../source/ftm_simple_pwm.c:311:6:FTM0_IRQHandler	8	static
../source/ftm_simple_pwm.c:317:6:PORTC_IRQHandler	16	static
../source/ftm_simple_pwm.c:341:6:sendTrigger	8	static
../source/ftm_simple_pwm.c:349:5:readFilteredADC	24	static
../source/ftm_simple_pwm.c:357:6:clockPulse	8	static
../source/ftm_simple_pwm.c:363:6:initADC	8	static
../source/ftm_simple_pwm.c:377:5:readADC	8	static
../source/ftm_simple_pwm.c:389:6:detectTrack	56	static
../source/ftm_simple_pwm.c:443:5:adjustDirection	24	static
../source/ftm_simple_pwm.c:449:5:getErrorFromCamera	32	static
../source/ftm_simple_pwm.c:483:6:setupCamera	16	static
../source/ftm_simple_pwm.c:500:5:main	184	static
