../startup/startup_mk22f51212.c:377:6:data_init	4	static
../startup/startup_mk22f51212.c:386:6:bss_init	0	static
../startup/startup_mk22f51212.c:411:6:ResetISR	0	static
../startup/startup_mk22f51212.c:517:14:NMI_Handler	0	static
../startup/startup_mk22f51212.c:521:14:HardFault_Handler	0	static
../startup/startup_mk22f51212.c:525:14:MemManage_Handler	0	static
../startup/startup_mk22f51212.c:529:14:BusFault_Handler	0	static
../startup/startup_mk22f51212.c:533:14:UsageFault_Handler	0	static
../startup/startup_mk22f51212.c:537:14:SVC_Handler	0	static
../startup/startup_mk22f51212.c:541:14:DebugMon_Handler	0	static
../startup/startup_mk22f51212.c:545:14:PendSV_Handler	0	static
../startup/startup_mk22f51212.c:549:14:SysTick_Handler	0	static
../startup/startup_mk22f51212.c:557:14:IntDefaultHandler	0	static
../startup/startup_mk22f51212.c:567:11:DMA0_IRQHandler	8	static
../startup/startup_mk22f51212.c:571:11:DMA1_IRQHandler	8	static
../startup/startup_mk22f51212.c:575:11:DMA2_IRQHandler	8	static
../startup/startup_mk22f51212.c:579:11:DMA3_IRQHandler	8	static
../startup/startup_mk22f51212.c:583:11:DMA4_IRQHandler	8	static
../startup/startup_mk22f51212.c:587:11:DMA5_IRQHandler	8	static
../startup/startup_mk22f51212.c:591:11:DMA6_IRQHandler	8	static
../startup/startup_mk22f51212.c:595:11:DMA7_IRQHandler	8	static
../startup/startup_mk22f51212.c:599:11:DMA8_IRQHandler	8	static
../startup/startup_mk22f51212.c:603:11:DMA9_IRQHandler	8	static
../startup/startup_mk22f51212.c:607:11:DMA10_IRQHandler	8	static
../startup/startup_mk22f51212.c:611:11:DMA11_IRQHandler	8	static
../startup/startup_mk22f51212.c:615:11:DMA12_IRQHandler	8	static
../startup/startup_mk22f51212.c:619:11:DMA13_IRQHandler	8	static
../startup/startup_mk22f51212.c:623:11:DMA14_IRQHandler	8	static
../startup/startup_mk22f51212.c:627:11:DMA15_IRQHandler	8	static
../startup/startup_mk22f51212.c:631:11:DMA_Error_IRQHandler	8	static
../startup/startup_mk22f51212.c:635:11:MCM_IRQHandler	8	static
../startup/startup_mk22f51212.c:639:11:FTF_IRQHandler	8	static
../startup/startup_mk22f51212.c:643:11:Read_Collision_IRQHandler	8	static
../startup/startup_mk22f51212.c:647:11:LVD_LVW_IRQHandler	8	static
../startup/startup_mk22f51212.c:651:11:LLWU_IRQHandler	8	static
../startup/startup_mk22f51212.c:655:11:WDOG_EWM_IRQHandler	8	static
../startup/startup_mk22f51212.c:659:11:RNG_IRQHandler	8	static
../startup/startup_mk22f51212.c:663:11:I2C0_IRQHandler	8	static
../startup/startup_mk22f51212.c:667:11:I2C1_IRQHandler	8	static
../startup/startup_mk22f51212.c:671:11:SPI0_IRQHandler	8	static
../startup/startup_mk22f51212.c:675:11:SPI1_IRQHandler	8	static
../startup/startup_mk22f51212.c:679:11:I2S0_Tx_IRQHandler	8	static
../startup/startup_mk22f51212.c:683:11:I2S0_Rx_IRQHandler	8	static
../startup/startup_mk22f51212.c:687:11:LPUART0_IRQHandler	8	static
../startup/startup_mk22f51212.c:691:11:UART0_RX_TX_IRQHandler	8	static
../startup/startup_mk22f51212.c:695:11:UART0_ERR_IRQHandler	8	static
../startup/startup_mk22f51212.c:699:11:UART1_RX_TX_IRQHandler	8	static
../startup/startup_mk22f51212.c:703:11:UART1_ERR_IRQHandler	8	static
../startup/startup_mk22f51212.c:707:11:UART2_RX_TX_IRQHandler	8	static
../startup/startup_mk22f51212.c:711:11:UART2_ERR_IRQHandler	8	static
../startup/startup_mk22f51212.c:715:11:Reserved53_IRQHandler	8	static
../startup/startup_mk22f51212.c:719:11:Reserved54_IRQHandler	8	static
../startup/startup_mk22f51212.c:723:11:ADC0_IRQHandler	8	static
../startup/startup_mk22f51212.c:727:11:CMP0_IRQHandler	8	static
../startup/startup_mk22f51212.c:731:11:CMP1_IRQHandler	8	static
../startup/startup_mk22f51212.c:735:11:FTM0_IRQHandler	8	static
../startup/startup_mk22f51212.c:739:11:FTM1_IRQHandler	8	static
../startup/startup_mk22f51212.c:743:11:FTM2_IRQHandler	8	static
../startup/startup_mk22f51212.c:747:11:Reserved61_IRQHandler	8	static
../startup/startup_mk22f51212.c:751:11:RTC_IRQHandler	8	static
../startup/startup_mk22f51212.c:755:11:RTC_Seconds_IRQHandler	8	static
../startup/startup_mk22f51212.c:759:11:PIT0_IRQHandler	8	static
../startup/startup_mk22f51212.c:763:11:PIT1_IRQHandler	8	static
../startup/startup_mk22f51212.c:767:11:PIT2_IRQHandler	8	static
../startup/startup_mk22f51212.c:771:11:PIT3_IRQHandler	8	static
../startup/startup_mk22f51212.c:775:11:PDB0_IRQHandler	8	static
../startup/startup_mk22f51212.c:779:11:USB0_IRQHandler	8	static
../startup/startup_mk22f51212.c:783:11:Reserved70_IRQHandler	8	static
../startup/startup_mk22f51212.c:787:11:Reserved71_IRQHandler	8	static
../startup/startup_mk22f51212.c:791:11:DAC0_IRQHandler	8	static
../startup/startup_mk22f51212.c:795:11:MCG_IRQHandler	8	static
../startup/startup_mk22f51212.c:799:11:LPTMR0_IRQHandler	8	static
../startup/startup_mk22f51212.c:803:11:PORTA_IRQHandler	8	static
../startup/startup_mk22f51212.c:807:11:PORTB_IRQHandler	8	static
../startup/startup_mk22f51212.c:811:11:PORTC_IRQHandler	8	static
../startup/startup_mk22f51212.c:815:11:PORTD_IRQHandler	8	static
../startup/startup_mk22f51212.c:819:11:PORTE_IRQHandler	8	static
../startup/startup_mk22f51212.c:823:11:SWI_IRQHandler	8	static
../startup/startup_mk22f51212.c:827:11:Reserved81_IRQHandler	8	static
../startup/startup_mk22f51212.c:831:11:Reserved82_IRQHandler	8	static
../startup/startup_mk22f51212.c:835:11:Reserved83_IRQHandler	8	static
../startup/startup_mk22f51212.c:839:11:Reserved84_IRQHandler	8	static
../startup/startup_mk22f51212.c:843:11:Reserved85_IRQHandler	8	static
../startup/startup_mk22f51212.c:847:11:Reserved86_IRQHandler	8	static
../startup/startup_mk22f51212.c:851:11:FTM3_IRQHandler	8	static
../startup/startup_mk22f51212.c:855:11:DAC1_IRQHandler	8	static
../startup/startup_mk22f51212.c:859:11:ADC1_IRQHandler	8	static
