Archive member included to satisfy reference by file (symbol)

c:/nxp/mcuxpressoide_11.9.0_2144/ide/plugins/com.nxp.mcuxpresso.tools.win32_11.9.0.202307121226/tools/bin/../lib/gcc/arm-none-eabi/12.3.1/../../../../arm-none-eabi/lib/thumb/v7e-m+fp/hard\libcr_nohost_nf.a(_cr__main.o)
                              ./startup/startup_mk22f51212.o (__main)
c:/nxp/mcuxpressoide_11.9.0_2144/ide/plugins/com.nxp.mcuxpresso.tools.win32_11.9.0.202307121226/tools/bin/../lib/gcc/arm-none-eabi/12.3.1/../../../../arm-none-eabi/lib/thumb/v7e-m+fp/hard\libcr_c.a(memset.o)
                              ./drivers/fsl_adc16.o (memset)
c:/nxp/mcuxpressoide_11.9.0_2144/ide/plugins/com.nxp.mcuxpresso.tools.win32_11.9.0.202307121226/tools/bin/../lib/gcc/arm-none-eabi/12.3.1/../../../../arm-none-eabi/lib/thumb/v7e-m+fp/hard\libcr_c.a(alloc.o)
                              ./drivers/fsl_common.o (malloc)
c:/nxp/mcuxpressoide_11.9.0_2144/ide/plugins/com.nxp.mcuxpresso.tools.win32_11.9.0.202307121226/tools/bin/../lib/gcc/arm-none-eabi/12.3.1/../../../../arm-none-eabi/lib/thumb/v7e-m+fp/hard\libcr_c.a(errno.o)
                              ./utilities/fsl_str.o (errno)
c:/nxp/mcuxpressoide_11.9.0_2144/ide/plugins/com.nxp.mcuxpresso.tools.win32_11.9.0.202307121226/tools/bin/../lib/gcc/arm-none-eabi/12.3.1/../../../../arm-none-eabi/lib/thumb/v7e-m+fp/hard\libcr_c.a(initio.o)
                              c:/nxp/mcuxpressoide_11.9.0_2144/ide/plugins/com.nxp.mcuxpresso.tools.win32_11.9.0.202307121226/tools/bin/../lib/gcc/arm-none-eabi/12.3.1/../../../../arm-none-eabi/lib/thumb/v7e-m+fp/hard\libcr_nohost_nf.a(_cr__main.o) (_initio)
c:/nxp/mcuxpressoide_11.9.0_2144/ide/plugins/com.nxp.mcuxpresso.tools.win32_11.9.0.202307121226/tools/bin/../lib/gcc/arm-none-eabi/12.3.1/../../../../arm-none-eabi/lib/thumb/v7e-m+fp/hard\libcr_c.a(modf.o)
                              ./utilities/fsl_debug_console.o (modf)
c:/nxp/mcuxpressoide_11.9.0_2144/ide/plugins/com.nxp.mcuxpresso.tools.win32_11.9.0.202307121226/tools/bin/../lib/gcc/arm-none-eabi/12.3.1/../../../../arm-none-eabi/lib/thumb/v7e-m+fp/hard\libcr_c.a(pow.o)
                              ./utilities/fsl_debug_console.o (pow)
c:/nxp/mcuxpressoide_11.9.0_2144/ide/plugins/com.nxp.mcuxpresso.tools.win32_11.9.0.202307121226/tools/bin/../lib/gcc/arm-none-eabi/12.3.1/../../../../arm-none-eabi/lib/thumb/v7e-m+fp/hard\libcr_c.a(scanf.o)
                              ./utilities/fsl_str.o (strtoul)
c:/nxp/mcuxpressoide_11.9.0_2144/ide/plugins/com.nxp.mcuxpresso.tools.win32_11.9.0.202307121226/tools/bin/../lib/gcc/arm-none-eabi/12.3.1/../../../../arm-none-eabi/lib/thumb/v7e-m+fp/hard\libcr_c.a(setvbuf.o)
                              c:/nxp/mcuxpressoide_11.9.0_2144/ide/plugins/com.nxp.mcuxpresso.tools.win32_11.9.0.202307121226/tools/bin/../lib/gcc/arm-none-eabi/12.3.1/../../../../arm-none-eabi/lib/thumb/v7e-m+fp/hard\libcr_c.a(initio.o) (setvbuf)
c:/nxp/mcuxpressoide_11.9.0_2144/ide/plugins/com.nxp.mcuxpresso.tools.win32_11.9.0.202307121226/tools/bin/../lib/gcc/arm-none-eabi/12.3.1/../../../../arm-none-eabi/lib/thumb/v7e-m+fp/hard\libcr_c.a(strlen.o)
                              ./utilities/fsl_debug_console.o (strlen)
c:/nxp/mcuxpressoide_11.9.0_2144/ide/plugins/com.nxp.mcuxpresso.tools.win32_11.9.0.202307121226/tools/bin/../lib/gcc/arm-none-eabi/12.3.1/../../../../arm-none-eabi/lib/thumb/v7e-m+fp/hard\libcr_c.a(ungetc.o)
                              c:/nxp/mcuxpressoide_11.9.0_2144/ide/plugins/com.nxp.mcuxpresso.tools.win32_11.9.0.202307121226/tools/bin/../lib/gcc/arm-none-eabi/12.3.1/../../../../arm-none-eabi/lib/thumb/v7e-m+fp/hard\libcr_c.a(scanf.o) (ungetc)
c:/nxp/mcuxpressoide_11.9.0_2144/ide/plugins/com.nxp.mcuxpresso.tools.win32_11.9.0.202307121226/tools/bin/../lib/gcc/arm-none-eabi/12.3.1/../../../../arm-none-eabi/lib/thumb/v7e-m+fp/hard\libcr_c.a(__fillbuf.o)
                              c:/nxp/mcuxpressoide_11.9.0_2144/ide/plugins/com.nxp.mcuxpresso.tools.win32_11.9.0.202307121226/tools/bin/../lib/gcc/arm-none-eabi/12.3.1/../../../../arm-none-eabi/lib/thumb/v7e-m+fp/hard\libcr_c.a(scanf.o) (__filbuf)
c:/nxp/mcuxpressoide_11.9.0_2144/ide/plugins/com.nxp.mcuxpresso.tools.win32_11.9.0.202307121226/tools/bin/../lib/gcc/arm-none-eabi/12.3.1/../../../../arm-none-eabi/lib/thumb/v7e-m+fp/hard\libcr_c.a(__init_alloc.o)
                              c:/nxp/mcuxpressoide_11.9.0_2144/ide/plugins/com.nxp.mcuxpresso.tools.win32_11.9.0.202307121226/tools/bin/../lib/gcc/arm-none-eabi/12.3.1/../../../../arm-none-eabi/lib/thumb/v7e-m+fp/hard\libcr_c.a(alloc.o) (__heaps)
c:/nxp/mcuxpressoide_11.9.0_2144/ide/plugins/com.nxp.mcuxpresso.tools.win32_11.9.0.202307121226/tools/bin/../lib/gcc/arm-none-eabi/12.3.1/../../../../arm-none-eabi/lib/thumb/v7e-m+fp/hard\libcr_c.a(_cr_sbrk.o)
[...]
Memory Configuration

Name             Origin             Length             Attributes
PROGRAM_FLASH    0x00000000         0x00080000         xr
SRAM_UPPER       0x20000000         0x00010000         xrw
SRAM_LOWER       0x1fff0000         0x00010000         xrw
*default*        0x00000000         0xffffffff

Linker script and memory map

LOAD ./utilities/fsl_assert.o
LOAD ./utilities/fsl_debug_console.o
LOAD ./utilities/fsl_memcpy.o
LOAD ./utilities/fsl_str.o
LOAD ./startup/startup_mk22f51212.o
LOAD ./source/ftm_simple_pwm.o
LOAD ./source/semihost_hardfault.o
LOAD ./drivers/fsl_adc16.o
LOAD ./drivers/fsl_clock.o
LOAD ./drivers/fsl_common.o
LOAD ./drivers/fsl_common_arm.o
LOAD ./drivers/fsl_dmamux.o
LOAD ./drivers/fsl_ftm.o
LOAD ./drivers/fsl_gpio.o
LOAD ./drivers/fsl_lpuart.o
LOAD ./drivers/fsl_smc.o
LOAD ./drivers/fsl_uart.o
LOAD ./device/system_MK22F51212.o
LOAD ./component/uart/fsl_adapter_uart.o
LOAD ./component/timer/fsl_adapter_ftm.o
LOAD ./component/lists/fsl_component_generic_list.o
LOAD ./board/board.o
LOAD ./board/clock_config.o
LOAD ./board/peripherals.o
LOAD ./board/pin_mux.o
START GROUP
LOAD c:/nxp/mcuxpressoide_11.9.0_2144/ide/plugins/com.nxp.mcuxpresso.tools.win32_11.9.0.202307121226/tools/bin/../lib/gcc/arm-none-eabi/12.3.1/../../../../arm-none-eabi/lib/thumb/v7e-m+fp/hard\libcr_nohost_nf.a
LOAD c:/nxp/mcuxpressoide_11.9.0_2144/ide/plugins/com.nxp.mcuxpresso.tools.win32_11.9.0.202307121226/tools/bin/../lib/gcc/arm-none-eabi/12.3.1/../../../../arm-none-eabi/lib/thumb/v7e-m+fp/hard\libcr_c.a
LOAD c:/nxp/mcuxpressoide_11.9.0_2144/ide/plugins/com.nxp.mcuxpresso.tools.win32_11.9.0.202307121226/tools/bin/../lib/gcc/arm-none-eabi/12.3.1/thumb/v7e-m+fp/hard\libcr_eabihelpers.a
LOAD c:/nxp/mcuxpressoide_11.9.0_2144/ide/plugins/com.nxp.mcuxpresso.tools.win32_11.9.0.202307121226/tools/bin/../lib/gcc/arm-none-eabi/12.3.1/thumb/v7e-m+fp/hard\libgcc.a
END GROUP
                0x00000000                        __base_PROGRAM_FLASH = 0x0
                0x00000000                        __base_Flash = 0x0
                0x00080000                        __top_PROGRAM_FLASH = 0x80000
                0x00080000                        __top_Flash = 0x80000
                0x20000000                        __base_SRAM_UPPER = 0x20000000
                0x20000000                        __base_RAM = 0x20000000
                0x20010000                        __top_SRAM_UPPER = 0x20010000
                0x20010000                        __top_RAM = 0x20010000
                0x1fff0000                        __base_SRAM_LOWER = 0x1fff0000
                0x1fff0000                        __base_RAM2 = 0x1fff0000
                0x20000000                        __top_SRAM_LOWER = 0x20000000
                0x20000000                        __top_RAM2 = 0x20000000

.text           0x00000000     0x7170
 FILL mask 0xff
                0x00000000                        __vectors_start__ = ABSOLUTE (.)
 *(SORT_BY_ALIGNMENT(.isr_vector))
 .isr_vector    0x00000000      0x168 ./startup/startup_mk22f51212.o
                0x00000000                g_pfnVectors
                0x00000000                __Vectors
                0x00000168                        . = ALIGN (0x4)
                0x00000168                        __section_table_start = .
                0x00000168                        __data_section_table = .
                0x00000168        0x4 LONG 0x7170 LOADADDR (.data)
                0x0000016c        0x4 LONG 0x20000000 ADDR (.data)
                0x00000170        0x4 LONG 0x1c SIZEOF (.data)
                0x00000174        0x4 LONG 0x7170 LOADADDR (.data_RAM2)
                0x00000178        0x4 LONG 0x1fff0000 ADDR (.data_RAM2)
                0x0000017c        0x4 LONG 0x0 SIZEOF (.data_RAM2)
                0x00000180                        __data_section_table_end = .
                0x00000180                        __bss_section_table = .
                0x00000180        0x4 LONG 0x2000001c ADDR (.bss)
                0x00000184        0x4 LONG 0x324 SIZEOF (.bss)
                0x00000188        0x4 LONG 0x1fff0000 ADDR (.bss_RAM2)
                0x0000018c        0x4 LONG 0x0 SIZEOF (.bss_RAM2)
                0x00000190                        __bss_section_table_end = .
                0x00000190                        __section_table_end = .
 *(SORT_BY_ALIGNMENT(.after_vectors*))
 .after_vectors.reset
                0x00000190       0x48 ./startup/startup_mk22f51212.o
                0x00000190                ResetISR
 .after_vectors.init_data
                0x000001d8       0x1e ./startup/startup_mk22f51212.o
                0x000001d8                data_init
 .after_vectors.init_bss
                0x000001f6       0x12 ./startup/startup_mk22f51212.o
                0x000001f6                bss_init
 .after_vectors
                0x00000208       0x14 ./startup/startup_mk22f51212.o
                0x00000208                NMI_Handler
                0x0000020c                MemManage_Handler
                0x0000020e                BusFault_Handler
                0x00000210                UsageFault_Handler
                0x00000212                SVC_Handler
                0x00000214                DebugMon_Handler
                0x00000216                PendSV_Handler
                0x0000021a                DMA_Error_DriverIRQHandler
                0x0000021a                LPTMR0_DriverIRQHandler
                0x0000021a                FTM1_DriverIRQHandler
                0x0000021a                FTM2_DriverIRQHandler
                0x0000021a                PIT2_DriverIRQHandler
                0x0000021a                Reserved82_DriverIRQHandler
                0x0000021a                I2S0_Tx_DriverIRQHandler
                0x0000021a                RTC_Seconds_DriverIRQHandler
                0x0000021a                FTF_DriverIRQHandler
                0x0000021a                DMA6_DriverIRQHandler
                0x0000021a                LLWU_DriverIRQHandler
                0x0000021a                MCM_DriverIRQHandler
                0x0000021a                MCG_DriverIRQHandler
                0x0000021a                DAC1_DriverIRQHandler
                0x0000021a                SPI1_DriverIRQHandler
                0x0000021a                CMP1_DriverIRQHandler
                0x0000021a                FTM0_DriverIRQHandler
                0x0000021a                IntDefaultHandler
                0x0000021a                USB0_DriverIRQHandler
                0x0000021a                PORTC_DriverIRQHandler
                0x0000021a                DMA11_DriverIRQHandler
                0x0000021a                DAC0_DriverIRQHandler
                0x0000021a                DMA10_DriverIRQHandler
                0x0000021a                UART2_ERR_DriverIRQHandler
                0x0000021a                LVD_LVW_DriverIRQHandler
                0x0000021a                Reserved84_DriverIRQHandler
                0x0000021a                PIT0_DriverIRQHandler
                0x0000021a                RNG_DriverIRQHandler
                0x0000021a                DMA12_DriverIRQHandler
                0x0000021a                DMA4_DriverIRQHandler
                0x0000021a                DMA3_DriverIRQHandler
                0x0000021a                Reserved53_DriverIRQHandler
                0x0000021a                DMA8_DriverIRQHandler
                0x0000021a                DMA9_DriverIRQHandler
                0x0000021a                UART0_ERR_DriverIRQHandler
                0x0000021a                Reserved71_DriverIRQHandler
                0x0000021a                ADC1_DriverIRQHandler
                0x0000021a                PORTA_DriverIRQHandler
                0x0000021a                DMA14_DriverIRQHandler
                0x0000021a                PIT3_DriverIRQHandler
                0x0000021a                PIT1_DriverIRQHandler
                0x0000021a                WDOG_EWM_DriverIRQHandler
                0x0000021a                PDB0_DriverIRQHandler
                0x0000021a                Reserved83_DriverIRQHandler
                0x0000021a                Reserved61_DriverIRQHandler
                0x0000021a                RTC_DriverIRQHandler
                0x0000021a                I2S0_Rx_DriverIRQHandler
                0x0000021a                Read_Collision_DriverIRQHandler
                0x0000021a                Reserved54_DriverIRQHandler
                0x0000021a                SWI_DriverIRQHandler
                0x0000021a                PORTB_DriverIRQHandler
                0x0000021a                DMA0_DriverIRQHandler
                0x0000021a                DMA1_DriverIRQHandler
                0x0000021a                I2C1_DriverIRQHandler
                0x0000021a                DMA13_DriverIRQHandler
                0x0000021a                DMA15_DriverIRQHandler
                0x0000021a                Reserved85_DriverIRQHandler
                0x0000021a                Reserved81_DriverIRQHandler
                0x0000021a                SPI0_DriverIRQHandler
                0x0000021a                ADC0_DriverIRQHandler
                0x0000021a                CMP0_DriverIRQHandler
                0x0000021a                FTM3_DriverIRQHandler
                0x0000021a                DMA5_DriverIRQHandler
                0x0000021a                UART1_ERR_DriverIRQHandler
                0x0000021a                DMA2_DriverIRQHandler
                0x0000021a                PORTD_DriverIRQHandler
                0x0000021a                Reserved70_DriverIRQHandler
                0x0000021a                Reserved86_DriverIRQHandler
                0x0000021a                PORTE_DriverIRQHandler
                0x0000021a                I2C0_DriverIRQHandler
                0x0000021a                DMA7_DriverIRQHandler
                0x00000400                        . = 0x400
 *fill*         0x0000021c      0x1e4 ff
                0x00000400                        PROVIDE (__FLASH_CONFIG_START__ = .)
 *(SORT_BY_ALIGNMENT(.FlashConfig))
 .FlashConfig   0x00000400       0x10 ./startup/startup_mk22f51212.o
                0x00000400                Flash_Config
                0x00000410                        PROVIDE (__FLASH_CONFIG_END__ = .)
                0x00000001                        ASSERT (! ((__FLASH_CONFIG_START__ == __FLASH_CONFIG_END__)), Linker Flash Config Support Enabled, but no .FlashConfig section provided within application)
 *(SORT_BY_ALIGNMENT(.text*))
 .text.DbgConsole_ConvertFloatRadixNumToString
                0x00000410      0x2a0 ./utilities/fsl_debug_console.o
 .text.pow      0x000006b0      0x55c c:/nxp/mcuxpressoide_11.9.0_2144/ide/plugins/com.nxp.mcuxpresso.tools.win32_11.9.0.202307121226/tools/bin/../lib/gcc/arm-none-eabi/12.3.1/../../../../arm-none-eabi/lib/thumb/v7e-m+fp/hard\libcr_c.a(pow.o)
                0x000006b0                pow
 *fill*         0x00000c0c        0x4 ff
 .text.frexp    0x00000c10       0x70 c:/nxp/mcuxpressoide_11.9.0_2144/ide/plugins/com.nxp.mcuxpresso.tools.win32_11.9.0.202307121226/tools/bin/../lib/gcc/arm-none-eabi/12.3.1/../../../../arm-none-eabi/lib/thumb/v7e-m+fp/hard\libcr_c.a(frexp.o)
                0x00000c10                frexp
 .text.ldexp    0x00000c80       0x5c c:/nxp/mcuxpressoide_11.9.0_2144/ide/plugins/com.nxp.mcuxpresso.tools.win32_11.9.0.202307121226/tools/bin/../lib/gcc/arm-none-eabi/12.3.1/../../../../arm-none-eabi/lib/thumb/v7e-m+fp/hard\libcr_c.a(ldexp.o)
                0x00000c80                ldexp
 .text.__assertion_failed
                0x00000cdc       0x2c ./utilities/fsl_assert.o
                0x00000cdc                __assertion_failed
 .text.DbgConsole_Init
                0x00000d08       0x88 ./utilities/fsl_debug_console.o
                0x00000d08                DbgConsole_Init
 .text.DbgConsole_Vprintf
                0x00000d90       0x3c ./utilities/fsl_debug_console.o
                0x00000d90                DbgConsole_Vprintf
 .text.DbgConsole_Putchar
                0x00000dcc       0x30 ./utilities/fsl_debug_console.o
                0x00000dcc                DbgConsole_Putchar
 .text.DbgConsole_PrintfFormattedData
                0x00000dfc      0xb68 ./utilities/fsl_debug_console.o
 .text          0x00001964       0xa0 ./utilities/fsl_memcpy.o
                0x00001964                memcpy
 .text.__NVIC_EnableIRQ
                0x00001a04       0x3c ./source/ftm_simple_pwm.o
 .text.__NVIC_SetPriority
                0x00001a40       0x54 ./source/ftm_simple_pwm.o
 .text.SysTick_Config
                0x00001a94       0x44 ./source/ftm_simple_pwm.o
 .text.FTM_CalculateCounterClkDiv
                0x00001ad8       0x74 ./source/ftm_simple_pwm.o
 .text.ADC16_GetChannelConversionValue
                0x00001b4c       0x2c ./source/ftm_simple_pwm.o
 .text.SysTick_Handler
                0x00001b78       0x2c ./source/ftm_simple_pwm.o
                0x00001b78                SysTick_Handler
 .text.init_delay
                0x00001ba4       0x24 ./source/ftm_simple_pwm.o
                0x00001ba4                init_delay
 .text.delay_us
                0x00001bc8       0x2c ./source/ftm_simple_pwm.o
                0x00001bc8                delay_us
 .text.turn     0x00001bf4       0xc4 ./source/ftm_simple_pwm.o
                0x00001bf4                turn
 .text.motorBreak
                0x00001cb8       0x2c ./source/ftm_simple_pwm.o
                0x00001cb8                motorBreak
 .text.startUpSpeed
                0x00001ce4       0x68 ./source/ftm_simple_pwm.o
                0x00001ce4                startUpSpeed
 .text.UpdatePwmDutycycleTurn
                0x00001d4c       0x6c ./source/ftm_simple_pwm.o
                0x00001d4c                UpdatePwmDutycycleTurn
 .text.UpdatePwmDutycycleSpeed
                0x00001db8       0xa4 ./source/ftm_simple_pwm.o
                0x00001db8                UpdatePwmDutycycleSpeed
 .text.FTM2_IRQHandler
                0x00001e5c       0x24 ./source/ftm_simple_pwm.o
                0x00001e5c                FTM2_IRQHandler
 .text.FTM0_IRQHandler
                0x00001e80       0x24 ./source/ftm_simple_pwm.o
                0x00001e80                FTM0_IRQHandler
 .text.PORTC_IRQHandler
                0x00001ea4       0x60 ./source/ftm_simple_pwm.o
                0x00001ea4                PORTC_IRQHandler
 .text.sendTrigger
                0x00001f04       0x28 ./source/ftm_simple_pwm.o
                0x00001f04                sendTrigger
 .text.clockPulse
                0x00001f2c       0x28 ./source/ftm_simple_pwm.o
                0x00001f2c                clockPulse
 .text.initADC  0x00001f54       0x60 ./source/ftm_simple_pwm.o
                0x00001f54                initADC
 .text.readADC  0x00001fb4       0x38 ./source/ftm_simple_pwm.o
                0x00001fb4                readADC
 .text.detectTrack
                0x00001fec      0x140 ./source/ftm_simple_pwm.o
                0x00001fec                detectTrack
 .text.getErrorFromCamera
                0x0000212c      0x104 ./source/ftm_simple_pwm.o
                0x0000212c                getErrorFromCamera
 .text.setupCamera
                0x00002230       0x58 ./source/ftm_simple_pwm.o
                0x00002230                setupCamera
 .text.main     0x00002288      0x3e8 ./source/ftm_simple_pwm.o
                0x00002288                main
 .text.ADC16_GetInstance
                0x00002670       0x4c ./drivers/fsl_adc16.o
 .text.ADC16_Init
                0x000026bc      0x118 ./drivers/fsl_adc16.o
                0x000026bc                ADC16_Init
 .text.ADC16_GetDefaultConfig
                0x000027d4       0x68 ./drivers/fsl_adc16.o
                0x000027d4                ADC16_GetDefaultConfig
 .text.ADC16_SetChannelConfig
                0x0000283c       0x68 ./drivers/fsl_adc16.o
                0x0000283c                ADC16_SetChannelConfig
 .text.ADC16_GetChannelStatusFlags
                0x000028a4       0x40 ./drivers/fsl_adc16.o
                0x000028a4                ADC16_GetChannelStatusFlags
 .text.CLOCK_SetEr32kClock
                0x000028e4       0x30 ./drivers/fsl_clock.o
 .text.CLOCK_SetPllFllSelClock
                0x00002914       0x38 ./drivers/fsl_clock.o
 .text.CLOCK_GetMcgExtClkFreq
                0x0000294c       0x7c ./drivers/fsl_clock.o
 .text.CLOCK_GetFllExtRefClkFreq
                0x000029c8       0xb0 ./drivers/fsl_clock.o
 .text.CLOCK_GetInternalRefClkSelectFreq
                0x00002a78       0x4c ./drivers/fsl_clock.o
 .text.CLOCK_GetFllRefClkFreq
                0x00002ac4       0x34 ./drivers/fsl_clock.o
 .text.CLOCK_GetOscRangeFromFreq
                0x00002af8       0x3c ./drivers/fsl_clock.o
 .text.CLOCK_GetOsc0ErClkUndivFreq
                0x00002b34       0x38 ./drivers/fsl_clock.o
                0x00002b34                CLOCK_GetOsc0ErClkUndivFreq
 .text.CLOCK_GetOsc0ErClkDivFreq
                0x00002b6c       0x58 ./drivers/fsl_clock.o
                0x00002b6c                CLOCK_GetOsc0ErClkDivFreq
 .text.CLOCK_GetEr32kClkFreq
                0x00002bc4       0x74 ./drivers/fsl_clock.o
                0x00002bc4                CLOCK_GetEr32kClkFreq
 .text.CLOCK_GetPllFllSelClkFreq
                0x00002c38       0x54 ./drivers/fsl_clock.o
                0x00002c38                CLOCK_GetPllFllSelClkFreq
 .text.CLOCK_GetCoreSysClkFreq
                0x00002c8c       0x28 ./drivers/fsl_clock.o
                0x00002c8c                CLOCK_GetCoreSysClkFreq
 .text.CLOCK_GetFreq
                0x00002cb4      0x148 ./drivers/fsl_clock.o
                0x00002cb4                CLOCK_GetFreq
 .text.CLOCK_SetSimConfig
                0x00002dfc       0x34 ./drivers/fsl_clock.o
                0x00002dfc                CLOCK_SetSimConfig
 .text.CLOCK_GetOutClkFreq
                0x00002e30       0x64 ./drivers/fsl_clock.o
                0x00002e30                CLOCK_GetOutClkFreq
 .text.CLOCK_GetFllFreq
                0x00002e94       0x84 ./drivers/fsl_clock.o
                0x00002e94                CLOCK_GetFllFreq
 .text.CLOCK_GetInternalRefClkFreq
                0x00002f18       0x30 ./drivers/fsl_clock.o
                0x00002f18                CLOCK_GetInternalRefClkFreq
 .text.CLOCK_GetPll0Freq
                0x00002f48       0x78 ./drivers/fsl_clock.o
                0x00002f48                CLOCK_GetPll0Freq
 .text.CLOCK_SetExternalRefClkConfig
                0x00002fc0       0x6c ./drivers/fsl_clock.o
                0x00002fc0                CLOCK_SetExternalRefClkConfig
 .text.CLOCK_SetInternalRefClkConfig
                0x0000302c      0x104 ./drivers/fsl_clock.o
                0x0000302c                CLOCK_SetInternalRefClkConfig
 .text.CLOCK_EnablePll0
                0x00003130       0x88 ./drivers/fsl_clock.o
                0x00003130                CLOCK_EnablePll0
 .text.CLOCK_InitOsc0
                0x000031b8       0x8c ./drivers/fsl_clock.o
                0x000031b8                CLOCK_InitOsc0
 .text.CLOCK_SetPbeMode
                0x00003244       0xa8 ./drivers/fsl_clock.o
                0x00003244                CLOCK_SetPbeMode
 .text.CLOCK_BootToPeeMode
                0x000032ec       0x64 ./drivers/fsl_clock.o
                0x000032ec                CLOCK_BootToPeeMode
 .text.FTM_GetInstance
                0x00003350       0x54 ./drivers/fsl_ftm.o
 .text.FTM_SetPwmSync
                0x000033a4      0x168 ./drivers/fsl_ftm.o
 .text.FTM_SetReloadPoints
                0x0000350c      0x138 ./drivers/fsl_ftm.o
 .text.FTM_Init
                0x00003644       0xf8 ./drivers/fsl_ftm.o
                0x00003644                FTM_Init
 .text.FTM_GetDefaultConfig
                0x0000373c       0x80 ./drivers/fsl_ftm.o
                0x0000373c                FTM_GetDefaultConfig
 .text.FTM_SetupPwm
                0x000037bc      0x334 ./drivers/fsl_ftm.o
                0x000037bc                FTM_SetupPwm
 .text.FTM_UpdatePwmDutycycle
                0x00003af0      0x1a4 ./drivers/fsl_ftm.o
                0x00003af0                FTM_UpdatePwmDutycycle
 .text.GPIO_GetInstance
                0x00003c94       0x4c ./drivers/fsl_gpio.o
 .text.GPIO_PinInit
                0x00003ce0       0x64 ./drivers/fsl_gpio.o
                0x00003ce0                GPIO_PinInit
 .text.GPIO_PortClearInterruptFlags
                0x00003d44       0x34 ./drivers/fsl_gpio.o
                0x00003d44                GPIO_PortClearInterruptFlags
 .text.LPUART0_DriverIRQHandler
                0x00003d78       0x28 ./drivers/fsl_lpuart.o
                0x00003d78                LPUART0_DriverIRQHandler
 .text.UART_GetInstance
                0x00003da0       0x54 ./drivers/fsl_uart.o
                0x00003da0                UART_GetInstance
 .text.UART_Init
                0x00003df4      0x294 ./drivers/fsl_uart.o
                0x00003df4                UART_Init
 .text.UART_GetDefaultConfig
                0x00004088       0x64 ./drivers/fsl_uart.o
                0x00004088                UART_GetDefaultConfig
 .text.UART_ReadBlocking
                0x000040ec       0xfc ./drivers/fsl_uart.o
                0x000040ec                UART_ReadBlocking
 .text.UART0_DriverIRQHandler
                0x000041e8       0x28 ./drivers/fsl_uart.o
                0x000041e8                UART0_DriverIRQHandler
 .text.UART1_DriverIRQHandler
                0x00004210       0x28 ./drivers/fsl_uart.o
                0x00004210                UART1_DriverIRQHandler
 .text.UART2_DriverIRQHandler
                0x00004238       0x28 ./drivers/fsl_uart.o
                0x00004238                UART2_DriverIRQHandler
 .text.SystemInit
                0x00004260       0x3c ./device/system_MK22F51212.o
                0x00004260                SystemInit
 .text.HAL_UartInit
                0x0000429c      0x114 ./component/uart/fsl_adapter_uart.o
                0x0000429c                HAL_UartInit
 .text.HAL_UartReceiveBlocking
                0x000043b0       0x6c ./component/uart/fsl_adapter_uart.o
                0x000043b0                HAL_UartReceiveBlocking
 .text.HAL_UartSendBlocking
                0x0000441c       0x64 ./component/uart/fsl_adapter_uart.o
                0x0000441c                HAL_UartSendBlocking
 .text.HAL_TimerInterruptHandle
                0x00004480       0x4c ./component/timer/fsl_adapter_ftm.o
 .text.CLOCK_SetSimSafeDivs
                0x000044cc       0x24 ./board/clock_config.o
 .text.CLOCK_SetXtal0Freq
                0x000044f0       0x20 ./board/clock_config.o
 .text.CLOCK_CONFIG_SetFllExtRefDiv
                0x00004510       0x3c ./board/clock_config.o
 .text.BOARD_BootClockRUN
                0x0000454c       0x60 ./board/clock_config.o
                0x0000454c                BOARD_BootClockRUN
 .text.DMAMUX_SetSource
                0x000045ac       0x4c ./board/pin_mux.o
 .text.BOARD_InitPins
                0x000045f8      0x134 ./board/pin_mux.o
                0x000045f8                BOARD_InitPins
 .text._initio  0x0000472c       0x78 c:/nxp/mcuxpressoide_11.9.0_2144/ide/plugins/com.nxp.mcuxpresso.tools.win32_11.9.0.202307121226/tools/bin/../lib/gcc/arm-none-eabi/12.3.1/../../../../arm-none-eabi/lib/thumb/v7e-m+fp/hard\libcr_c.a(initio.o)
                0x0000472c                _initio
 .text.modf     0x000047a4       0x94 c:/nxp/mcuxpressoide_11.9.0_2144/ide/plugins/com.nxp.mcuxpresso.tools.win32_11.9.0.202307121226/tools/bin/../lib/gcc/arm-none-eabi/12.3.1/../../../../arm-none-eabi/lib/thumb/v7e-m+fp/hard\libcr_c.a(modf.o)
                0x000047a4                modf
 .text._Cwritebuf
                0x00004838       0x6c c:/nxp/mcuxpressoide_11.9.0_2144/ide/plugins/com.nxp.mcuxpresso.tools.win32_11.9.0.202307121226/tools/bin/../lib/gcc/arm-none-eabi/12.3.1/../../../../arm-none-eabi/lib/thumb/v7e-m+fp/hard\libcr_c.a(_writebuf.o)
                0x00004838                _Cwritebuf
 .text.fflush   0x000048a4       0x3c c:/nxp/mcuxpressoide_11.9.0_2144/ide/plugins/com.nxp.mcuxpresso.tools.win32_11.9.0.202307121226/tools/bin/../lib/gcc/arm-none-eabi/12.3.1/../../../../arm-none-eabi/lib/thumb/v7e-m+fp/hard\libcr_c.a(fflush.o)
                0x000048a4                fflush
 .text.fseek    0x000048e0       0xf8 c:/nxp/mcuxpressoide_11.9.0_2144/ide/plugins/com.nxp.mcuxpresso.tools.win32_11.9.0.202307121226/tools/bin/../lib/gcc/arm-none-eabi/12.3.1/../../../../arm-none-eabi/lib/thumb/v7e-m+fp/hard\libcr_c.a(fseek.o)
                0x000048e0                fseek
 .text.ftell    0x000049d8       0x44 c:/nxp/mcuxpressoide_11.9.0_2144/ide/plugins/com.nxp.mcuxpresso.tools.win32_11.9.0.202307121226/tools/bin/../lib/gcc/arm-none-eabi/12.3.1/../../../../arm-none-eabi/lib/thumb/v7e-m+fp/hard\libcr_c.a(ftell.o)
                0x000049d8                ftell
 .text.__aeabi_dmul
                0x00004a1c       0xfc c:/nxp/mcuxpressoide_11.9.0_2144/ide/plugins/com.nxp.mcuxpresso.tools.win32_11.9.0.202307121226/tools/bin/../lib/gcc/arm-none-eabi/12.3.1/thumb/v7e-m+fp/hard\libcr_eabihelpers.a(double.o)
                0x00004a1c                __aeabi_dmul
 .text.__aeabi_ddiv
                0x00004b18      0x12c c:/nxp/mcuxpressoide_11.9.0_2144/ide/plugins/com.nxp.mcuxpresso.tools.win32_11.9.0.202307121226/tools/bin/../lib/gcc/arm-none-eabi/12.3.1/thumb/v7e-m+fp/hard\libcr_eabihelpers.a(double.o)
                0x00004b18                __aeabi_ddiv
 .text.__aeabi_dsub
                0x00004c44      0x1b4 c:/nxp/mcuxpressoide_11.9.0_2144/ide/plugins/com.nxp.mcuxpresso.tools.win32_11.9.0.202307121226/tools/bin/../lib/gcc/arm-none-eabi/12.3.1/thumb/v7e-m+fp/hard\libcr_eabihelpers.a(double.o)
                0x00004c44                __aeabi_dsub
 .text.__aeabi_dadd
                0x00004df8      0x138 c:/nxp/mcuxpressoide_11.9.0_2144/ide/plugins/com.nxp.mcuxpresso.tools.win32_11.9.0.202307121226/tools/bin/../lib/gcc/arm-none-eabi/12.3.1/thumb/v7e-m+fp/hard\libcr_eabihelpers.a(double.o)
                0x00004df8                __aeabi_dadd
 .text.fsl_assert_hook
                0x00004f30       0x1a ./utilities/fsl_assert.o
                0x00004f30                fsl_assert_hook
 .text.DbgConsole_Printf
                0x00004f4a       0x2c ./utilities/fsl_debug_console.o
                0x00004f4a                DbgConsole_Printf
 .text.DbgConsole_PrintfPaddingCharacter
                0x00004f76       0x40 ./utilities/fsl_debug_console.o
 .text.DbgConsole_ConvertRadixNumToString
                0x00004fb6      0x2b0 ./utilities/fsl_debug_console.o
 .text.DMA0_IRQHandler
                0x00005266        0x8 ./startup/startup_mk22f51212.o
                0x00005266                DMA0_IRQHandler
 .text.DMA1_IRQHandler
                0x0000526e        0x8 ./startup/startup_mk22f51212.o
                0x0000526e                DMA1_IRQHandler
 .text.DMA2_IRQHandler
                0x00005276        0x8 ./startup/startup_mk22f51212.o
                0x00005276                DMA2_IRQHandler
 .text.DMA3_IRQHandler
                0x0000527e        0x8 ./startup/startup_mk22f51212.o
                0x0000527e                DMA3_IRQHandler
 .text.DMA4_IRQHandler
                0x00005286        0x8 ./startup/startup_mk22f51212.o
                0x00005286                DMA4_IRQHandler
 .text.DMA5_IRQHandler
                0x0000528e        0x8 ./startup/startup_mk22f51212.o
                0x0000528e                DMA5_IRQHandler
 .text.DMA6_IRQHandler
                0x00005296        0x8 ./startup/startup_mk22f51212.o
                0x00005296                DMA6_IRQHandler
 .text.DMA7_IRQHandler
                0x0000529e        0x8 ./startup/startup_mk22f51212.o
                0x0000529e                DMA7_IRQHandler
 .text.DMA8_IRQHandler
                0x000052a6        0x8 ./startup/startup_mk22f51212.o
                0x000052a6                DMA8_IRQHandler
 .text.DMA9_IRQHandler
                0x000052ae        0x8 ./startup/startup_mk22f51212.o
                0x000052ae                DMA9_IRQHandler
 .text.DMA10_IRQHandler
                0x000052b6        0x8 ./startup/startup_mk22f51212.o
                0x000052b6                DMA10_IRQHandler
 .text.DMA11_IRQHandler
                0x000052be        0x8 ./startup/startup_mk22f51212.o
                0x000052be                DMA11_IRQHandler
 .text.DMA12_IRQHandler
                0x000052c6        0x8 ./startup/startup_mk22f51212.o
                0x000052c6                DMA12_IRQHandler
 .text.DMA13_IRQHandler
                0x000052ce        0x8 ./startup/startup_mk22f51212.o
                0x000052ce                DMA13_IRQHandler
 .text.DMA14_IRQHandler
                0x000052d6        0x8 ./startup/startup_mk22f51212.o
                0x000052d6                DMA14_IRQHandler
 .text.DMA15_IRQHandler
                0x000052de        0x8 ./startup/startup_mk22f51212.o
                0x000052de                DMA15_IRQHandler
 .text.DMA_Error_IRQHandler
                0x000052e6        0x8 ./startup/startup_mk22f51212.o
                0x000052e6                DMA_Error_IRQHandler
 .text.MCM_IRQHandler
                0x000052ee        0x8 ./startup/startup_mk22f51212.o
                0x000052ee                MCM_IRQHandler
 .text.FTF_IRQHandler
                0x000052f6        0x8 ./startup/startup_mk22f51212.o
                0x000052f6                FTF_IRQHandler
 .text.Read_Collision_IRQHandler
                0x000052fe        0x8 ./startup/startup_mk22f51212.o
                0x000052fe                Read_Collision_IRQHandler
 .text.LVD_LVW_IRQHandler
                0x00005306        0x8 ./startup/startup_mk22f51212.o
                0x00005306                LVD_LVW_IRQHandler
 .text.LLWU_IRQHandler
                0x0000530e        0x8 ./startup/startup_mk22f51212.o
                0x0000530e                LLWU_IRQHandler
 .text.WDOG_EWM_IRQHandler
                0x00005316        0x8 ./startup/startup_mk22f51212.o
                0x00005316                WDOG_EWM_IRQHandler
 .text.RNG_IRQHandler
                0x0000531e        0x8 ./startup/startup_mk22f51212.o
                0x0000531e                RNG_IRQHandler
 .text.I2C0_IRQHandler
                0x00005326        0x8 ./startup/startup_mk22f51212.o
                0x00005326                I2C0_IRQHandler
 .text.I2C1_IRQHandler
                0x0000532e        0x8 ./startup/startup_mk22f51212.o
                0x0000532e                I2C1_IRQHandler
 .text.SPI0_IRQHandler
                0x00005336        0x8 ./startup/startup_mk22f51212.o
                0x00005336                SPI0_IRQHandler
 .text.SPI1_IRQHandler
                0x0000533e        0x8 ./startup/startup_mk22f51212.o
                0x0000533e                SPI1_IRQHandler
 .text.I2S0_Tx_IRQHandler
                0x00005346        0x8 ./startup/startup_mk22f51212.o
                0x00005346                I2S0_Tx_IRQHandler
 .text.I2S0_Rx_IRQHandler
                0x0000534e        0x8 ./startup/startup_mk22f51212.o
                0x0000534e                I2S0_Rx_IRQHandler
 .text.LPUART0_IRQHandler
                0x00005356        0x8 ./startup/startup_mk22f51212.o
                0x00005356                LPUART0_IRQHandler
 .text.UART0_RX_TX_IRQHandler
                0x0000535e        0x8 ./startup/startup_mk22f51212.o
                0x0000535e                UART0_RX_TX_IRQHandler
 .text.UART0_ERR_IRQHandler
                0x00005366        0x8 ./startup/startup_mk22f51212.o
                0x00005366                UART0_ERR_IRQHandler
 .text.UART1_RX_TX_IRQHandler
                0x0000536e        0x8 ./startup/startup_mk22f51212.o
                0x0000536e                UART1_RX_TX_IRQHandler
 .text.UART1_ERR_IRQHandler
                0x00005376        0x8 ./startup/startup_mk22f51212.o
                0x00005376                UART1_ERR_IRQHandler
 .text.UART2_RX_TX_IRQHandler
                0x0000537e        0x8 ./startup/startup_mk22f51212.o
                0x0000537e                UART2_RX_TX_IRQHandler
 .text.UART2_ERR_IRQHandler
                0x00005386        0x8 ./startup/startup_mk22f51212.o
                0x00005386                UART2_ERR_IRQHandler
 .text.Reserved53_IRQHandler
                0x0000538e        0x8 ./startup/startup_mk22f51212.o
                0x0000538e                Reserved53_IRQHandler
 .text.Reserved54_IRQHandler
                0x00005396        0x8 ./startup/startup_mk22f51212.o
                0x00005396                Reserved54_IRQHandler
 .text.ADC0_IRQHandler
                0x0000539e        0x8 ./startup/startup_mk22f51212.o
                0x0000539e                ADC0_IRQHandler
 .text.CMP0_IRQHandler
                0x000053a6        0x8 ./startup/startup_mk22f51212.o
                0x000053a6                CMP0_IRQHandler
 .text.CMP1_IRQHandler
                0x000053ae        0x8 ./startup/startup_mk22f51212.o
                0x000053ae                CMP1_IRQHandler
 .text.Reserved61_IRQHandler
                0x000053b6        0x8 ./startup/startup_mk22f51212.o
                0x000053b6                Reserved61_IRQHandler
 .text.RTC_IRQHandler
                0x000053be        0x8 ./startup/startup_mk22f51212.o
                0x000053be                RTC_IRQHandler
 .text.RTC_Seconds_IRQHandler
                0x000053c6        0x8 ./startup/startup_mk22f51212.o
                0x000053c6                RTC_Seconds_IRQHandler
 .text.PIT0_IRQHandler
                0x000053ce        0x8 ./startup/startup_mk22f51212.o
                0x000053ce                PIT0_IRQHandler
 .text.PIT1_IRQHandler
                0x000053d6        0x8 ./startup/startup_mk22f51212.o
                0x000053d6                PIT1_IRQHandler
 .text.PIT2_IRQHandler
                0x000053de        0x8 ./startup/startup_mk22f51212.o
                0x000053de                PIT2_IRQHandler
 .text.PIT3_IRQHandler
                0x000053e6        0x8 ./startup/startup_mk22f51212.o
                0x000053e6                PIT3_IRQHandler
 .text.PDB0_IRQHandler
                0x000053ee        0x8 ./startup/startup_mk22f51212.o
                0x000053ee                PDB0_IRQHandler
 .text.USB0_IRQHandler
                0x000053f6        0x8 ./startup/startup_mk22f51212.o
                0x000053f6                USB0_IRQHandler
 .text.Reserved70_IRQHandler
                0x000053fe        0x8 ./startup/startup_mk22f51212.o
                0x000053fe                Reserved70_IRQHandler
 .text.Reserved71_IRQHandler
                0x00005406        0x8 ./startup/startup_mk22f51212.o
                0x00005406                Reserved71_IRQHandler
 .text.DAC0_IRQHandler
                0x0000540e        0x8 ./startup/startup_mk22f51212.o
                0x0000540e                DAC0_IRQHandler
 .text.MCG_IRQHandler
                0x00005416        0x8 ./startup/startup_mk22f51212.o
                0x00005416                MCG_IRQHandler
 .text.LPTMR0_IRQHandler
                0x0000541e        0x8 ./startup/startup_mk22f51212.o
                0x0000541e                LPTMR0_IRQHandler
 .text.PORTA_IRQHandler
                0x00005426        0x8 ./startup/startup_mk22f51212.o
                0x00005426                PORTA_IRQHandler
 .text.PORTB_IRQHandler
                0x0000542e        0x8 ./startup/startup_mk22f51212.o
                0x0000542e                PORTB_IRQHandler
 .text.PORTD_IRQHandler
                0x00005436        0x8 ./startup/startup_mk22f51212.o
                0x00005436                PORTD_IRQHandler
 .text.PORTE_IRQHandler
                0x0000543e        0x8 ./startup/startup_mk22f51212.o
                0x0000543e                PORTE_IRQHandler
 .text.SWI_IRQHandler
                0x00005446        0x8 ./startup/startup_mk22f51212.o
                0x00005446                SWI_IRQHandler
 .text.Reserved81_IRQHandler
                0x0000544e        0x8 ./startup/startup_mk22f51212.o
                0x0000544e                Reserved81_IRQHandler
 .text.Reserved82_IRQHandler
                0x00005456        0x8 ./startup/startup_mk22f51212.o
                0x00005456                Reserved82_IRQHandler
 .text.Reserved83_IRQHandler
                0x0000545e        0x8 ./startup/startup_mk22f51212.o
                0x0000545e                Reserved83_IRQHandler
 .text.Reserved84_IRQHandler
                0x00005466        0x8 ./startup/startup_mk22f51212.o
                0x00005466                Reserved84_IRQHandler
 .text.Reserved85_IRQHandler
                0x0000546e        0x8 ./startup/startup_mk22f51212.o
                0x0000546e                Reserved85_IRQHandler
 .text.Reserved86_IRQHandler
                0x00005476        0x8 ./startup/startup_mk22f51212.o
                0x00005476                Reserved86_IRQHandler
 .text.FTM3_IRQHandler
                0x0000547e        0x8 ./startup/startup_mk22f51212.o
                0x0000547e                FTM3_IRQHandler
 .text.DAC1_IRQHandler
                0x00005486        0x8 ./startup/startup_mk22f51212.o
                0x00005486                DAC1_IRQHandler
 .text.ADC1_IRQHandler
                0x0000548e        0x8 ./startup/startup_mk22f51212.o
                0x0000548e                ADC1_IRQHandler
 .text.EnableIRQ
                0x00005496       0x32 ./source/ftm_simple_pwm.o
 .text.PORT_SetPinInterruptConfig
                0x000054c8       0x3a ./source/ftm_simple_pwm.o
 .text.GPIO_PinWrite
                0x00005502       0x36 ./source/ftm_simple_pwm.o
 .text.GPIO_PinRead
                0x00005538       0x24 ./source/ftm_simple_pwm.o
 .text.FTM_StartTimer
                0x0000555c       0x3a ./source/ftm_simple_pwm.o
 .text.FTM_SetSoftwareTrigger
                0x00005596       0x38 ./source/ftm_simple_pwm.o
 .text.ADC16_EnableHardwareTrigger
                0x000055ce       0x38 ./source/ftm_simple_pwm.o
 .text.adjustDirection
                0x00005606       0x22 ./source/ftm_simple_pwm.o
                0x00005606                adjustDirection
 .text.HardFault_Handler
                0x00005628       0x36 ./source/semihost_hardfault.o
                0x00005628                HardFault_Handler
 .text.CLOCK_EnableClock
                0x0000565e       0x34 ./drivers/fsl_adc16.o
 .text.ADC16_DoAutoCalibration
                0x00005692      0x130 ./drivers/fsl_adc16.o
                0x00005692                ADC16_DoAutoCalibration
 .text.ADC16_SetHardwareAverage
                0x000057c2       0x3e ./drivers/fsl_adc16.o
                0x000057c2                ADC16_SetHardwareAverage
 .text.ADC16_GetStatusFlags
                0x00005800       0x42 ./drivers/fsl_adc16.o
                0x00005800                ADC16_GetStatusFlags
 .text.OSC_SetExtRefClkConfig
                0x00005842       0x40 ./drivers/fsl_clock.o
 .text.OSC_SetCapLoad
                0x00005882       0x34 ./drivers/fsl_clock.o
 .text.CLOCK_GetPll0RefFreq
                0x000058b6        0xe ./drivers/fsl_clock.o
 .text.CLOCK_GetFixedFreqClkFreq
                0x000058c4       0x34 ./drivers/fsl_clock.o
                0x000058c4                CLOCK_GetFixedFreqClkFreq
 .text.CLOCK_EnableClock
                0x000058f8       0x34 ./drivers/fsl_ftm.o
 .text.FTM_SetDeadTimeEnable
                0x0000592c       0x52 ./drivers/fsl_ftm.o
 .text.FTM_SetComplementaryEnable
                0x0000597e       0x52 ./drivers/fsl_ftm.o
 .text.FTM_UpdateChnlEdgeLevelSelect
                0x000059d0       0x4e ./drivers/fsl_ftm.o
                0x000059d0                FTM_UpdateChnlEdgeLevelSelect
 .text.FTM_GetStatusFlags
                0x00005a1e       0x62 ./drivers/fsl_ftm.o
                0x00005a1e                FTM_GetStatusFlags
 .text.FTM_ClearStatusFlags
                0x00005a80       0x68 ./drivers/fsl_ftm.o
                0x00005a80                FTM_ClearStatusFlags
 .text.GPIO_PinWrite
                0x00005ae8       0x36 ./drivers/fsl_gpio.o
 .text.CLOCK_EnableClock
                0x00005b1e       0x34 ./drivers/fsl_uart.o
 .text.UART_GetStatusFlags
                0x00005b52       0x48 ./drivers/fsl_uart.o
                0x00005b52                UART_GetStatusFlags
 .text.UART_ClearStatusFlags
                0x00005b9a       0x80 ./drivers/fsl_uart.o
                0x00005b9a                UART_ClearStatusFlags
 .text.UART_WriteBlocking
                0x00005c1a       0x50 ./drivers/fsl_uart.o
                0x00005c1a                UART_WriteBlocking
 .text.UART0_RX_TX_DriverIRQHandler
                0x00005c6a       0x12 ./drivers/fsl_uart.o
                0x00005c6a                UART0_RX_TX_DriverIRQHandler
 .text.UART1_RX_TX_DriverIRQHandler
                0x00005c7c       0x12 ./drivers/fsl_uart.o
                0x00005c7c                UART1_RX_TX_DriverIRQHandler
 .text.UART2_RX_TX_DriverIRQHandler
                0x00005c8e       0x12 ./drivers/fsl_uart.o
                0x00005c8e                UART2_RX_TX_DriverIRQHandler
 .text.SystemInitHook
                0x00005ca0        0xe ./device/system_MK22F51212.o
                0x00005ca0                SystemInitHook
 .text.HAL_UartGetStatus
                0x00005cae       0x22 ./component/uart/fsl_adapter_uart.o
 .text.FTM1_IRQHandler
                0x00005cd0       0x14 ./component/timer/fsl_adapter_ftm.o
                0x00005cd0                FTM1_IRQHandler
 .text.BOARD_InitDebugConsole
                0x00005ce4       0x22 ./board/board.o
                0x00005ce4                BOARD_InitDebugConsole
 .text.BOARD_InitBootClocks
                0x00005d06        0xc ./board/clock_config.o
                0x00005d06                BOARD_InitBootClocks
 .text.CLOCK_EnableClock
                0x00005d12       0x34 ./board/pin_mux.o
 .text.PORT_SetPinMux
                0x00005d46       0x3a ./board/pin_mux.o
 .text.BOARD_InitBootPins
                0x00005d80        0xc ./board/pin_mux.o
                0x00005d80                BOARD_InitBootPins
 .text.__main   0x00005d8c        0xe c:/nxp/mcuxpressoide_11.9.0_2144/ide/plugins/com.nxp.mcuxpresso.tools.win32_11.9.0.202307121226/tools/bin/../lib/gcc/arm-none-eabi/12.3.1/../../../../arm-none-eabi/lib/thumb/v7e-m+fp/hard\libcr_nohost_nf.a(_cr__main.o)
                0x00005d8c                __main
 .text.memset   0x00005d9a        0x4 c:/nxp/mcuxpressoide_11.9.0_2144/ide/plugins/com.nxp.mcuxpresso.tools.win32_11.9.0.202307121226/tools/bin/../lib/gcc/arm-none-eabi/12.3.1/../../../../arm-none-eabi/lib/thumb/v7e-m+fp/hard\libcr_c.a(memset.o)
                0x00005d9a                memset
 .text.free     0x00005d9e       0x30 c:/nxp/mcuxpressoide_11.9.0_2144/ide/plugins/com.nxp.mcuxpresso.tools.win32_11.9.0.202307121226/tools/bin/../lib/gcc/arm-none-eabi/12.3.1/../../../../arm-none-eabi/lib/thumb/v7e-m+fp/hard\libcr_c.a(alloc.o)
                0x00005d9e                free
 .text.setvbuf  0x00005dce       0x3e c:/nxp/mcuxpressoide_11.9.0_2144/ide/plugins/com.nxp.mcuxpresso.tools.win32_11.9.0.202307121226/tools/bin/../lib/gcc/arm-none-eabi/12.3.1/../../../../arm-none-eabi/lib/thumb/v7e-m+fp/hard\libcr_c.a(setvbuf.o)
                0x00005dce                setvbuf
 .text.strlen   0x00005e0c       0x4e c:/nxp/mcuxpressoide_11.9.0_2144/ide/plugins/com.nxp.mcuxpresso.tools.win32_11.9.0.202307121226/tools/bin/../lib/gcc/arm-none-eabi/12.3.1/../../../../arm-none-eabi/lib/thumb/v7e-m+fp/hard\libcr_c.a(strlen.o)
                0x00005e0c                strlen
 .text._deferredlazyseek
                0x00005e5a       0x40 c:/nxp/mcuxpressoide_11.9.0_2144/ide/plugins/com.nxp.mcuxpresso.tools.win32_11.9.0.202307121226/tools/bin/../lib/gcc/arm-none-eabi/12.3.1/../../../../arm-none-eabi/lib/thumb/v7e-m+fp/hard\libcr_c.a(_deferredlazyseek.o)
                0x00005e5a                _deferredlazyseek
 .text._fdopen  0x00005e9a       0x68 c:/nxp/mcuxpressoide_11.9.0_2144/ide/plugins/com.nxp.mcuxpresso.tools.win32_11.9.0.202307121226/tools/bin/../lib/gcc/arm-none-eabi/12.3.1/../../../../arm-none-eabi/lib/thumb/v7e-m+fp/hard\libcr_c.a(_fdopen.o)
                0x00005e9a                _fdopen
 .text._fflush  0x00005f02       0x52 c:/nxp/mcuxpressoide_11.9.0_2144/ide/plugins/com.nxp.mcuxpresso.tools.win32_11.9.0.202307121226/tools/bin/../lib/gcc/arm-none-eabi/12.3.1/../../../../arm-none-eabi/lib/thumb/v7e-m+fp/hard\libcr_c.a(_fflush.o)
                0x00005f02                _fflush
 .text.fclose   0x00005f54       0x58 c:/nxp/mcuxpressoide_11.9.0_2144/ide/plugins/com.nxp.mcuxpresso.tools.win32_11.9.0.202307121226/tools/bin/../lib/gcc/arm-none-eabi/12.3.1/../../../../arm-none-eabi/lib/thumb/v7e-m+fp/hard\libcr_c.a(fclose.o)
                0x00005f54                fclose
 .text.remove   0x00005fac       0x14 c:/nxp/mcuxpressoide_11.9.0_2144/ide/plugins/com.nxp.mcuxpresso.tools.win32_11.9.0.202307121226/tools/bin/../lib/gcc/arm-none-eabi/12.3.1/../../../../arm-none-eabi/lib/thumb/v7e-m+fp/hard\libcr_c.a(remove.o)
                0x00005fac                remove
 .text._do_fflush
                0x00005fc0       0x40 c:/nxp/mcuxpressoide_11.9.0_2144/ide/plugins/com.nxp.mcuxpresso.tools.win32_11.9.0.202307121226/tools/bin/../lib/gcc/arm-none-eabi/12.3.1/../../../../arm-none-eabi/lib/thumb/v7e-m+fp/hard\libcr_c.a(_do_fflush.o)
                0x00005fc0                _do_fflush
 .text.__aeabi_division_ldivmod
                0x00006000       0x26 c:/nxp/mcuxpressoide_11.9.0_2144/ide/plugins/com.nxp.mcuxpresso.tools.win32_11.9.0.202307121226/tools/bin/../lib/gcc/arm-none-eabi/12.3.1/thumb/v7e-m+fp/hard\libcr_eabihelpers.a(division_64.o)
                0x00006000                __aeabi_ldivmod
 .text.__aeabi_division_uldivmod
                0x00006026      0x174 c:/nxp/mcuxpressoide_11.9.0_2144/ide/plugins/com.nxp.mcuxpresso.tools.win32_11.9.0.202307121226/tools/bin/../lib/gcc/arm-none-eabi/12.3.1/thumb/v7e-m+fp/hard\libcr_eabihelpers.a(division_64.o)
                0x00006026                __aeabi_uldivmod
                0x0000602a                __bhs_ldivmod1
 .text.__aeabi_division_idiv0
                0x0000619a        0x2 c:/nxp/mcuxpressoide_11.9.0_2144/ide/plugins/com.nxp.mcuxpresso.tools.win32_11.9.0.202307121226/tools/bin/../lib/gcc/arm-none-eabi/12.3.1/thumb/v7e-m+fp/hard\libcr_eabihelpers.a(division_idiv0.o)
                0x0000619a                __aeabi_idiv0
 .text.__aeabi_d2iz
                0x0000619c       0x42 c:/nxp/mcuxpressoide_11.9.0_2144/ide/plugins/com.nxp.mcuxpresso.tools.win32_11.9.0.202307121226/tools/bin/../lib/gcc/arm-none-eabi/12.3.1/thumb/v7e-m+fp/hard\libcr_eabihelpers.a(double.o)
                0x0000619c                __aeabi_d2iz
 .text.__aeabi_d2lz
                0x000061de       0x8a c:/nxp/mcuxpressoide_11.9.0_2144/ide/plugins/com.nxp.mcuxpresso.tools.win32_11.9.0.202307121226/tools/bin/../lib/gcc/arm-none-eabi/12.3.1/thumb/v7e-m+fp/hard\libcr_eabihelpers.a(double.o)
                0x000061de                __aeabi_d2lz
 .text.__bhs_ui2d
                0x00006268       0x46 c:/nxp/mcuxpressoide_11.9.0_2144/ide/plugins/com.nxp.mcuxpresso.tools.win32_11.9.0.202307121226/tools/bin/../lib/gcc/arm-none-eabi/12.3.1/thumb/v7e-m+fp/hard\libcr_eabihelpers.a(double.o)
                0x00006268                __bhs_ui2d
 .text.__bhs_ul2d
                0x000062ae       0x8a c:/nxp/mcuxpressoide_11.9.0_2144/ide/plugins/com.nxp.mcuxpresso.tools.win32_11.9.0.202307121226/tools/bin/../lib/gcc/arm-none-eabi/12.3.1/thumb/v7e-m+fp/hard\libcr_eabihelpers.a(double.o)
                0x000062ae                __bhs_ul2d
 .text.__aeabi_i2d
                0x00006338       0x10 c:/nxp/mcuxpressoide_11.9.0_2144/ide/plugins/com.nxp.mcuxpresso.tools.win32_11.9.0.202307121226/tools/bin/../lib/gcc/arm-none-eabi/12.3.1/thumb/v7e-m+fp/hard\libcr_eabihelpers.a(double.o)
                0x00006338                __aeabi_i2d
 .text.__aeabi_ui2d
                0x00006348        0x8 c:/nxp/mcuxpressoide_11.9.0_2144/ide/plugins/com.nxp.mcuxpresso.tools.win32_11.9.0.202307121226/tools/bin/../lib/gcc/arm-none-eabi/12.3.1/thumb/v7e-m+fp/hard\libcr_eabihelpers.a(double.o)
                0x00006348                __aeabi_ui2d
 .text.__aeabi_l2d
                0x00006350       0x1c c:/nxp/mcuxpressoide_11.9.0_2144/ide/plugins/com.nxp.mcuxpresso.tools.win32_11.9.0.202307121226/tools/bin/../lib/gcc/arm-none-eabi/12.3.1/thumb/v7e-m+fp/hard\libcr_eabihelpers.a(double.o)
                0x00006350                __aeabi_l2d
 .text.__aeabi_dcmpeq
                0x0000636c       0x3e c:/nxp/mcuxpressoide_11.9.0_2144/ide/plugins/com.nxp.mcuxpresso.tools.win32_11.9.0.202307121226/tools/bin/../lib/gcc/arm-none-eabi/12.3.1/thumb/v7e-m+fp/hard\libcr_eabihelpers.a(double.o)
                0x0000636c                __aeabi_dcmpeq
 .text.__aeabi_dcmplt
                0x000063aa       0x5a c:/nxp/mcuxpressoide_11.9.0_2144/ide/plugins/com.nxp.mcuxpresso.tools.win32_11.9.0.202307121226/tools/bin/../lib/gcc/arm-none-eabi/12.3.1/thumb/v7e-m+fp/hard\libcr_eabihelpers.a(double.o)
                0x000063aa                __aeabi_dcmplt
 .text.__aeabi_dcmpgt
                0x00006404       0x56 c:/nxp/mcuxpressoide_11.9.0_2144/ide/plugins/com.nxp.mcuxpresso.tools.win32_11.9.0.202307121226/tools/bin/../lib/gcc/arm-none-eabi/12.3.1/thumb/v7e-m+fp/hard\libcr_eabihelpers.a(double.o)
                0x00006404                __aeabi_dcmpgt
 .text.__aeabi_dcmple
                0x0000645a       0x5a c:/nxp/mcuxpressoide_11.9.0_2144/ide/plugins/com.nxp.mcuxpresso.tools.win32_11.9.0.202307121226/tools/bin/../lib/gcc/arm-none-eabi/12.3.1/thumb/v7e-m+fp/hard\libcr_eabihelpers.a(double.o)
                0x0000645a                __aeabi_dcmple
 .text.__aeabi_dcmpge
                0x000064b4       0x5a c:/nxp/mcuxpressoide_11.9.0_2144/ide/plugins/com.nxp.mcuxpresso.tools.win32_11.9.0.202307121226/tools/bin/../lib/gcc/arm-none-eabi/12.3.1/thumb/v7e-m+fp/hard\libcr_eabihelpers.a(double.o)
                0x000064b4                __aeabi_dcmpge
 .text.__aeabi_memset_lowlevel
                0x0000650e       0x32 c:/nxp/mcuxpressoide_11.9.0_2144/ide/plugins/com.nxp.mcuxpresso.tools.win32_11.9.0.202307121226/tools/bin/../lib/gcc/arm-none-eabi/12.3.1/thumb/v7e-m+fp/hard\libcr_eabihelpers.a(memcpy.o)
                0x0000650e                __aeabi_lowlevel_memset
 .text.__sys_close
                0x00006540        0x6 c:/nxp/mcuxpressoide_11.9.0_2144/ide/plugins/com.nxp.mcuxpresso.tools.win32_11.9.0.202307121226/tools/bin/../lib/gcc/arm-none-eabi/12.3.1/../../../../arm-none-eabi/lib/thumb/v7e-m+fp/hard\libcr_nohost_nf.a(__sys_close.o)
                0x00006540                __sys_close
 .text.__sys_flen
                0x00006546        0x6 c:/nxp/mcuxpressoide_11.9.0_2144/ide/plugins/com.nxp.mcuxpresso.tools.win32_11.9.0.202307121226/tools/bin/../lib/gcc/arm-none-eabi/12.3.1/../../../../arm-none-eabi/lib/thumb/v7e-m+fp/hard\libcr_nohost_nf.a(__sys_flen.o)
                0x00006546                __sys_flen
 .text.__sys_istty
                0x0000654c        0x6 c:/nxp/mcuxpressoide_11.9.0_2144/ide/plugins/com.nxp.mcuxpresso.tools.win32_11.9.0.202307121226/tools/bin/../lib/gcc/arm-none-eabi/12.3.1/../../../../arm-none-eabi/lib/thumb/v7e-m+fp/hard\libcr_nohost_nf.a(__sys_istty.o)
                0x0000654c                __sys_istty
 .text.__sys_remove
                0x00006552        0x6 c:/nxp/mcuxpressoide_11.9.0_2144/ide/plugins/com.nxp.mcuxpresso.tools.win32_11.9.0.202307121226/tools/bin/../lib/gcc/arm-none-eabi/12.3.1/../../../../arm-none-eabi/lib/thumb/v7e-m+fp/hard\libcr_nohost_nf.a(__sys_remove.o)
                0x00006552                __sys_remove
 .text.__sys_seek
                0x00006558        0x6 c:/nxp/mcuxpressoide_11.9.0_2144/ide/plugins/com.nxp.mcuxpresso.tools.win32_11.9.0.202307121226/tools/bin/../lib/gcc/arm-none-eabi/12.3.1/../../../../arm-none-eabi/lib/thumb/v7e-m+fp/hard\libcr_nohost_nf.a(__sys_seek.o)
                0x00006558                __sys_seek
 .text.__sys_tmpnam
                0x0000655e        0x6 c:/nxp/mcuxpressoide_11.9.0_2144/ide/plugins/com.nxp.mcuxpresso.tools.win32_11.9.0.202307121226/tools/bin/../lib/gcc/arm-none-eabi/12.3.1/../../../../arm-none-eabi/lib/thumb/v7e-m+fp/hard\libcr_nohost_nf.a(__sys_tmpnam.o)
                0x0000655e                __sys_tmpnam
 .text.__sys_write
                0x00006564        0x4 c:/nxp/mcuxpressoide_11.9.0_2144/ide/plugins/com.nxp.mcuxpresso.tools.win32_11.9.0.202307121226/tools/bin/../lib/gcc/arm-none-eabi/12.3.1/../../../../arm-none-eabi/lib/thumb/v7e-m+fp/hard\libcr_nohost_nf.a(__sys_write.o)
                0x00006564                __sys_write
 *(SORT_BY_ALIGNMENT(.rodata) SORT_BY_ALIGNMENT(.rodata.*) SORT_BY_ALIGNMENT(.constdata) SORT_BY_ALIGNMENT(.constdata.*))
 .rodata.a2.0   0x00006568       0x40 c:/nxp/mcuxpressoide_11.9.0_2144/ide/plugins/com.nxp.mcuxpresso.tools.win32_11.9.0.202307121226/tools/bin/../lib/gcc/arm-none-eabi/12.3.1/../../../../arm-none-eabi/lib/thumb/v7e-m+fp/hard\libcr_c.a(pow.o)
 .rodata.a1.1   0x000065a8       0x88 c:/nxp/mcuxpressoide_11.9.0_2144/ide/plugins/com.nxp.mcuxpresso.tools.win32_11.9.0.202307121226/tools/bin/../lib/gcc/arm-none-eabi/12.3.1/../../../../arm-none-eabi/lib/thumb/v7e-m+fp/hard\libcr_c.a(pow.o)
 .rodata.__assertion_failed.str1.4
                0x00006630       0x14 ./utilities/fsl_assert.o
 .rodata.FTM_CalculateCounterClkDiv.str1.4
                0x00006644      0x13c ./source/ftm_simple_pwm.o
 .rodata.ADC16_GetChannelConversionValue.str1.4
                0x00006780       0xb7 ./source/ftm_simple_pwm.o
 *fill*         0x00006837        0x1 ff
 .rodata.startUpSpeed.str1.4
                0x00006838       0x1d ./source/ftm_simple_pwm.o
 *fill*         0x00006855        0x3 ff
 .rodata.UpdatePwmDutycycleTurn.str1.4
                0x00006858       0x42 ./source/ftm_simple_pwm.o
 *fill*         0x0000689a        0x2 ff
 .rodata.initADC.str1.4
                0x0000689c       0x39 ./source/ftm_simple_pwm.o
 *fill*         0x000068d5        0x3 ff
 .rodata.detectTrack.str1.4
                0x000068d8       0x16 ./source/ftm_simple_pwm.o
 *fill*         0x000068ee        0x2 ff
 .rodata.main.str1.4
                0x000068f0       0xa5 ./source/ftm_simple_pwm.o
 *fill*         0x00006995        0x3 ff
 .rodata.s_adc16Bases
                0x00006998        0x8 ./drivers/fsl_adc16.o
 .rodata.s_adc16Clocks
                0x000069a0        0x8 ./drivers/fsl_adc16.o
 .rodata.ADC16_GetInstance.str1.4
                0x000069a8       0x35 ./drivers/fsl_adc16.o
 *fill*         0x000069dd        0x3 ff
 .rodata.ADC16_Init.str1.4
                0x000069e0       0x20 ./drivers/fsl_adc16.o
 .rodata.ADC16_GetDefaultConfig.str1.4
                0x00006a00       0x21 ./drivers/fsl_adc16.o
 *fill*         0x00006a21        0x3 ff
 .rodata.ADC16_SetChannelConfig.str1.4
                0x00006a24       0x51 ./drivers/fsl_adc16.o
 *fill*         0x00006a75        0x3 ff
 .rodata.ADC16_GetChannelStatusFlags.str1.4
                0x00006a78       0x2f ./drivers/fsl_adc16.o
 *fill*         0x00006aa7        0x1 ff
 .rodata.CLOCK_GetMcgExtClkFreq.str1.4
                0x00006aa8       0x49 ./drivers/fsl_clock.o
 *fill*         0x00006af1        0x3 ff
 .rodata.CLOCK_GetOsc0ErClkUndivFreq.str1.4
                0x00006af4       0x1e ./drivers/fsl_clock.o
 *fill*         0x00006b12        0x2 ff
 .rodata.CLOCK_GetOsc0ErClkDivFreq.str1.4
                0x00006b14       0x1e ./drivers/fsl_clock.o
 *fill*         0x00006b32        0x2 ff
 .rodata.CLOCK_GetEr32kClkFreq.str1.4
                0x00006b34       0x1f ./drivers/fsl_clock.o
 *fill*         0x00006b53        0x1 ff
 .rodata.CLOCK_GetPll0Freq.str1.4
                0x00006b54       0x1d ./drivers/fsl_clock.o
 *fill*         0x00006b71        0x3 ff
 .rodata.CLOCK_EnablePll0.str1.4
                0x00006b74       0x1a ./drivers/fsl_clock.o
 *fill*         0x00006b8e        0x2 ff
 .rodata.CLOCK_SetPbeMode.str1.4
                0x00006b90       0x1a ./drivers/fsl_clock.o
 *fill*         0x00006baa        0x2 ff
 .rodata.CLOCK_BootToPeeMode.str1.4
                0x00006bac       0x1a ./drivers/fsl_clock.o
 *fill*         0x00006bc6        0x2 ff
 .rodata.fllFactorTable.1
                0x00006bc8       0x10 ./drivers/fsl_clock.o
 .rodata.s_ftmBases
                0x00006bd8       0x10 ./drivers/fsl_ftm.o
 .rodata.s_ftmClocks
                0x00006be8       0x10 ./drivers/fsl_ftm.o
 .rodata.FTM_GetInstance.str1.4
                0x00006bf8       0x28 ./drivers/fsl_ftm.o
 .rodata.FTM_SetPwmSync.str1.4
                0x00006c20       0x3b ./drivers/fsl_ftm.o
 *fill*         0x00006c5b        0x1 ff
 .rodata.FTM_SetReloadPoints.str1.4
                0x00006c5c       0x20 ./drivers/fsl_ftm.o
 .rodata.FTM_Init.str1.4
                0x00006c7c       0x17 ./drivers/fsl_ftm.o
 *fill*         0x00006c93        0x1 ff
 .rodata.FTM_GetDefaultConfig.str1.4
                0x00006c94       0x1f ./drivers/fsl_ftm.o
 *fill*         0x00006cb3        0x1 ff
 .rodata.FTM_SetupPwm.str1.4
                0x00006cb4       0x23 ./drivers/fsl_ftm.o
 *fill*         0x00006cd7        0x1 ff
 .rodata.s_portBases
                0x00006cd8       0x14 ./drivers/fsl_gpio.o
 .rodata.s_gpioBases
                0x00006cec       0x14 ./drivers/fsl_gpio.o
 .rodata.GPIO_GetInstance.str1.4
                0x00006d00       0x33 ./drivers/fsl_gpio.o
 *fill*         0x00006d33        0x1 ff
 .rodata.GPIO_PinInit.str1.4
                0x00006d34       0x20 ./drivers/fsl_gpio.o
 .rodata.s_uartBases
                0x00006d54        0xc ./drivers/fsl_uart.o
 .rodata.s_uartClock
                0x00006d60        0xc ./drivers/fsl_uart.o
 .rodata.UART_GetInstance.str1.4
                0x00006d6c       0x2b ./drivers/fsl_uart.o
 *fill*         0x00006d97        0x1 ff
 .rodata.UART_Init.str1.4
                0x00006d98       0xfb ./drivers/fsl_uart.o
 *fill*         0x00006e93        0x1 ff
 .rodata.UART_GetDefaultConfig.str1.4
                0x00006e94       0x20 ./drivers/fsl_uart.o
 .rodata.UART_ReadBlocking.str1.4
                0x00006eb4       0x1e ./drivers/fsl_uart.o
 *fill*         0x00006ed2        0x2 ff
 .rodata.s_UartAdapterBase
                0x00006ed4        0xc ./component/uart/fsl_adapter_uart.o
 .rodata.HAL_UartInit.str1.4
                0x00006ee0       0xee ./component/uart/fsl_adapter_uart.o
 *fill*         0x00006fce        0x2 ff
 .rodata.HAL_UartReceiveBlocking.str1.4
                0x00006fd0       0x60 ./component/uart/fsl_adapter_uart.o
 .rodata.HAL_UartSendBlocking.str1.4
                0x00007030       0x60 ./component/uart/fsl_adapter_uart.o
 .rodata.s_FtmBase
                0x00007090       0x10 ./component/timer/fsl_adapter_ftm.o
 .rodata.mcgConfig_BOARD_BootClockRUN
                0x000070a0        0xb ./board/clock_config.o
                0x000070a0                mcgConfig_BOARD_BootClockRUN
 *fill*         0x000070ab        0x1 ff
 .rodata.simConfig_BOARD_BootClockRUN
                0x000070ac        0x8 ./board/clock_config.o
                0x000070ac                simConfig_BOARD_BootClockRUN
 .rodata.oscConfig_BOARD_BootClockRUN
                0x000070b4        0x8 ./board/clock_config.o
                0x000070b4                oscConfig_BOARD_BootClockRUN
 .rodata.DMAMUX_SetSource.str1.4
                0x000070bc       0xaa ./board/pin_mux.o
 *fill*         0x00007166        0x2 ff
 .rodata.__num_Ciob_streams
                0x00007168        0x4 c:/nxp/mcuxpressoide_11.9.0_2144/ide/plugins/com.nxp.mcuxpresso.tools.win32_11.9.0.202307121226/tools/bin/../lib/gcc/arm-none-eabi/12.3.1/../../../../arm-none-eabi/lib/thumb/v7e-m+fp/hard\libcr_nohost_nf.a(__ciob.o)
                0x00007168                __num_Ciob_streams
 .rodata._initio.str1.1
                0x0000716c        0x4 c:/nxp/mcuxpressoide_11.9.0_2144/ide/plugins/com.nxp.mcuxpresso.tools.win32_11.9.0.202307121226/tools/bin/../lib/gcc/arm-none-eabi/12.3.1/../../../../arm-none-eabi/lib/thumb/v7e-m+fp/hard\libcr_c.a(initio.o)
                0x00007170                        . = ALIGN (0x4)

.glue_7         0x00007170        0x0
 .glue_7        0x00007170        0x0 linker stubs

.glue_7t        0x00007170        0x0
 .glue_7t       0x00007170        0x0 linker stubs

.vfp11_veneer   0x00007170        0x0
 .vfp11_veneer  0x00007170        0x0 linker stubs

.v4_bx          0x00007170        0x0
 .v4_bx         0x00007170        0x0 linker stubs

.iplt           0x00007170        0x0
 .iplt          0x00007170        0x0 ./utilities/fsl_assert.o

.rel.dyn        0x00007170        0x0
 .rel.iplt      0x00007170        0x0 ./utilities/fsl_assert.o

.ARM.extab
 *(SORT_BY_ALIGNMENT(.ARM.extab*) SORT_BY_ALIGNMENT(.gnu.linkonce.armextab.*))

.ARM.exidx      0x00007170        0x0
                0x00007170                        __exidx_start = .
 *(SORT_BY_ALIGNMENT(.ARM.exidx*) SORT_BY_ALIGNMENT(.gnu.linkonce.armexidx.*))
                0x00007170                        __exidx_end = .
                0x00007170                        _etext = .

.data_RAM2      0x1fff0000        0x0 load address 0x00007170
 FILL mask 0xff
                [!provide]                        PROVIDE (__start_data_RAM2 = .)
                [!provide]                        PROVIDE (__start_data_SRAM_LOWER = .)
 *(SORT_BY_ALIGNMENT(.ramfunc.$RAM2))
 *(SORT_BY_ALIGNMENT(.ramfunc.$SRAM_LOWER))
 *(SORT_BY_ALIGNMENT(.data.$RAM2))
 *(SORT_BY_ALIGNMENT(.data.$SRAM_LOWER))
 *(SORT_BY_ALIGNMENT(.data.$RAM2.*))
 *(SORT_BY_ALIGNMENT(.data.$SRAM_LOWER.*))
                0x1fff0000                        . = ALIGN (0x4)
                [!provide]                        PROVIDE (__end_data_RAM2 = .)
                [!provide]                        PROVIDE (__end_data_SRAM_LOWER = .)

.uninit_RESERVED
                0x20000000        0x0
                0x20000000                        _start_uninit_RESERVED = .
 *(SORT_BY_ALIGNMENT(.bss.$RESERVED*))
                0x20000000                        . = ALIGN (0x4)
                0x20000000                        _end_uninit_RESERVED = .

.data           0x20000000       0x1c load address 0x00007170
 FILL mask 0xff
                0x20000000                        _data = .
                [!provide]                        PROVIDE (__start_data_RAM = .)
                [!provide]                        PROVIDE (__start_data_SRAM_UPPER = .)
 *(SORT_BY_ALIGNMENT(vtable))
 *(SORT_BY_ALIGNMENT(.ramfunc*))
 *(SORT_BY_ALIGNMENT(CodeQuickAccess))
 *(SORT_BY_ALIGNMENT(DataQuickAccess))
 *(SORT_BY_ALIGNMENT(RamFunction))
 *(SORT_BY_ALIGNMENT(.data*))
 .data.updatedDutycycleTurnMaxRight
                0x20000000        0x4 ./source/ftm_simple_pwm.o
                0x20000000                updatedDutycycleTurnMaxRight
 .data.updatedDutycycleTurnMaxLeft
                0x20000004        0x4 ./source/ftm_simple_pwm.o
                0x20000004                updatedDutycycleTurnMaxLeft
 .data.s_slowIrcFreq
                0x20000008        0x4 ./drivers/fsl_clock.o
 .data.s_fastIrcFreq
                0x2000000c        0x4 ./drivers/fsl_clock.o
 .data.SystemCoreClock
                0x20000010        0x4 ./device/system_MK22F51212.o
                0x20000010                SystemCoreClock
 .data.ftmIsrFlag
                0x20000014        0x1 ./source/ftm_simple_pwm.o
                0x20000014                ftmIsrFlag
 .data.ftm2IsrFlag
                0x20000015        0x1 ./source/ftm_simple_pwm.o
                0x20000015                ftm2IsrFlag
 .data.updatedDutycycleLeft
                0x20000016        0x1 ./source/ftm_simple_pwm.o
                0x20000016                updatedDutycycleLeft
 .data.updatedDutycycleRight
                0x20000017        0x1 ./source/ftm_simple_pwm.o
                0x20000017                updatedDutycycleRight
 .data.updatedDutycycleTurn
                0x20000018        0x1 ./source/ftm_simple_pwm.o
                0x20000018                updatedDutycycleTurn
                0x2000001c                        . = ALIGN (0x4)
 *fill*         0x20000019        0x3 ff
                0x2000001c                        _edata = .
                [!provide]                        PROVIDE (__end_data_RAM = .)
                [!provide]                        PROVIDE (__end_data_SRAM_UPPER = .)

.igot.plt       0x2000001c        0x0 load address 0x0000718c
 .igot.plt      0x2000001c        0x0 ./utilities/fsl_assert.o

.bss_RAM2       0x1fff0000        0x0
                [!provide]                        PROVIDE (__start_bss_RAM2 = .)
                [!provide]                        PROVIDE (__start_bss_SRAM_LOWER = .)
 *(SORT_BY_ALIGNMENT(.bss.$RAM2))
 *(SORT_BY_ALIGNMENT(.bss.$SRAM_LOWER))
 *(SORT_BY_ALIGNMENT(.bss.$RAM2.*))
 *(SORT_BY_ALIGNMENT(.bss.$SRAM_LOWER.*))
                0x1fff0000                        . = ALIGN ((. != 0x0)?0x4:0x1)
                [!provide]                        PROVIDE (__end_bss_RAM2 = .)
                [!provide]                        PROVIDE (__end_bss_SRAM_LOWER = .)

.bss            0x2000001c      0x324
                0x2000001c                        _bss = .
                [!provide]                        PROVIDE (__start_bss_RAM = .)
                [!provide]                        PROVIDE (__start_bss_SRAM_UPPER = .)
 *(SORT_BY_ALIGNMENT(.bss*))
 .bss.s_debugConsole
                0x2000001c       0x14 ./utilities/fsl_debug_console.o
 .bss.usTicks   0x20000030        0x4 ./source/ftm_simple_pwm.o
                0x20000030                usTicks
 .bss.usTicksDelay
                0x20000034        0x4 ./source/ftm_simple_pwm.o
                0x20000034                usTicksDelay
 .bss.distance  0x20000038        0x4 ./source/ftm_simple_pwm.o
                0x20000038                distance
 .bss.adc16ConfigStruct
                0x2000003c        0xa ./source/ftm_simple_pwm.o
                0x2000003c                adc16ConfigStruct
 *fill*         0x20000046        0x2 
 .bss.adc16ChannelConfigStruct
                0x20000048        0x8 ./source/ftm_simple_pwm.o
                0x20000048                adc16ChannelConfigStruct
 .bss.pixelArray
                0x20000050      0x200 ./source/ftm_simple_pwm.o
                0x20000050                pixelArray
 .bss.sum       0x20000250        0x4 ./source/ftm_simple_pwm.o
                0x20000250                sum
 .bss.g_xtal0Freq
                0x20000254        0x4 ./drivers/fsl_clock.o
                0x20000254                g_xtal0Freq
 .bss.g_xtal32Freq
                0x20000258        0x4 ./drivers/fsl_clock.o
                0x20000258                g_xtal32Freq
 .bss.s_lpuartHandle
                0x2000025c        0x4 ./drivers/fsl_lpuart.o
                0x2000025c                s_lpuartHandle
 .bss.s_lpuartIsr
                0x20000260        0x4 ./drivers/fsl_lpuart.o
                0x20000260                s_lpuartIsr
 .bss.s_uartHandle
                0x20000264        0xc ./drivers/fsl_uart.o
                0x20000264                s_uartHandle
 .bss.s_uartIsr
                0x20000270        0x4 ./drivers/fsl_uart.o
                0x20000270                s_uartIsr
 .bss.s_timerHandle
                0x20000274       0x10 ./component/timer/fsl_adapter_ftm.o
 .bss.errno     0x20000284        0x4 c:/nxp/mcuxpressoide_11.9.0_2144/ide/plugins/com.nxp.mcuxpresso.tools.win32_11.9.0.202307121226/tools/bin/../lib/gcc/arm-none-eabi/12.3.1/../../../../arm-none-eabi/lib/thumb/v7e-m+fp/hard\libcr_c.a(errno.o)
                0x20000284                errno
 .bss.__Ciob    0x20000288       0xb4 c:/nxp/mcuxpressoide_11.9.0_2144/ide/plugins/com.nxp.mcuxpresso.tools.win32_11.9.0.202307121226/tools/bin/../lib/gcc/arm-none-eabi/12.3.1/../../../../arm-none-eabi/lib/thumb/v7e-m+fp/hard\libcr_nohost_nf.a(__ciob.o)
                0x20000288                __Ciob
 .bss.turnLeft  0x2000033c        0x1 ./source/ftm_simple_pwm.o
                0x2000033c                turnLeft
 .bss.turnRight
                0x2000033d        0x1 ./source/ftm_simple_pwm.o
                0x2000033d                turnRight
 .bss.middle    0x2000033e        0x1 ./source/ftm_simple_pwm.o
                0x2000033e                middle
 .bss.sendNewTrigger
                0x2000033f        0x1 ./source/ftm_simple_pwm.o
                0x2000033f                sendNewTrigger
 *(SORT_BY_ALIGNMENT(COMMON))
                0x20000340                        . = ALIGN (0x4)
                0x20000340                        _ebss = .
                [!provide]                        PROVIDE (__end_bss_RAM = .)
                [!provide]                        PROVIDE (__end_bss_SRAM_UPPER = .)
                [!provide]                        PROVIDE (end = .)

.noinit_RAM2    0x1fff0000        0x0
                [!provide]                        PROVIDE (__start_noinit_RAM2 = .)
                [!provide]                        PROVIDE (__start_noinit_SRAM_LOWER = .)
 *(SORT_BY_ALIGNMENT(.noinit.$RAM2))
 *(SORT_BY_ALIGNMENT(.noinit.$SRAM_LOWER))
 *(SORT_BY_ALIGNMENT(.noinit.$RAM2.*))
 *(SORT_BY_ALIGNMENT(.noinit.$SRAM_LOWER.*))
                0x1fff0000                        . = ALIGN (0x4)
                [!provide]                        PROVIDE (__end_noinit_RAM2 = .)
                [!provide]                        PROVIDE (__end_noinit_SRAM_LOWER = .)

.noinit         0x20000340        0x0
                0x20000340                        _noinit = .
                [!provide]                        PROVIDE (__start_noinit_RAM = .)
                [!provide]                        PROVIDE (__start_noinit_SRAM_UPPER = .)
 *(SORT_BY_ALIGNMENT(.noinit*))
                0x20000340                        . = ALIGN (0x4)
                0x20000340                        _end_noinit = .
                [!provide]                        PROVIDE (__end_noinit_RAM = .)
                [!provide]                        PROVIDE (__end_noinit_SRAM_UPPER = .)
                0x00001000                        _HeapSize = 0x1000

.heap           0x20000340     0x1000
                0x20000340                        _pvHeapStart = .
                0x20001340                        . = (. + _HeapSize)
 *fill*         0x20000340     0x1000 
                0x20001340                        . = ALIGN (0x4)
                0x20001340                        _pvHeapLimit = .
                0x00001000                        _StackSize = 0x1000

.heap2stackfill
                0x20001340     0x1000
                0x20002340                        . = (. + _StackSize)
 *fill*         0x20001340     0x1000 

.stack          0x2000f000        0x0
                0x2000f000                        _vStackBase = .
                0x2000f000                        . = ALIGN (0x4)
                0x20010000                        _vStackTop = (. + _StackSize)
                0x00000000                        _image_start = LOADADDR (.text)
                0x0000718c                        _image_end = (LOADADDR (.data) + SIZEOF (.data))
                0x0000718c                        _image_size = (_image_end - _image_start)
OUTPUT(frdmk22f_ftm_simple_pwm_PWM.axf elf32-littlearm)
LOAD linker stubs

.debug_info     0x00000000    0x15cb9
 .debug_info    0x00000000      0x127 ./utilities/fsl_assert.o
 .debug_info    0x00000127      0xecd ./utilities/fsl_debug_console.o
 .debug_info    0x00000ff4       0x24 ./utilities/fsl_memcpy.o
 .debug_info    0x00001018      0xb9d ./startup/startup_mk22f51212.o
 .debug_info    0x00001bb5     0x2239 ./source/ftm_simple_pwm.o
 .debug_info    0x00003dee       0x3c ./source/semihost_hardfault.o
 .debug_info    0x00003e2a      0xe94 ./drivers/fsl_adc16.o
 .debug_info    0x00004cbe     0x2214 ./drivers/fsl_clock.o
 .debug_info    0x00006ed2     0x16e1 ./drivers/fsl_ftm.o
 .debug_info    0x000085b3      0x6fb ./drivers/fsl_gpio.o
 .debug_info    0x00008cae     0x1f2f ./drivers/fsl_lpuart.o
 .debug_info    0x0000abdd     0x1f2d ./drivers/fsl_uart.o
 .debug_info    0x0000cb0a      0x63a ./device/system_MK22F51212.o
 .debug_info    0x0000d144      0xc07 ./component/uart/fsl_adapter_uart.o
 .debug_info    0x0000dd4b     0x1450 ./component/timer/fsl_adapter_ftm.o
 .debug_info    0x0000f19b      0x149 ./board/board.o
 .debug_info    0x0000f2e4      0xd76 ./board/clock_config.o
 .debug_info    0x0001005a      0x849 ./board/pin_mux.o
 .debug_info    0x000108a3       0x85 c:/nxp/mcuxpressoide_11.9.0_2144/ide/plugins/com.nxp.mcuxpresso.tools.win32_11.9.0.202307121226/tools/bin/../lib/gcc/arm-none-eabi/12.3.1/../../../../arm-none-eabi/lib/thumb/v7e-m+fp/hard\libcr_nohost_nf.a(_cr__main.o)
 .debug_info    0x00010928       0xe3 c:/nxp/mcuxpressoide_11.9.0_2144/ide/plugins/com.nxp.mcuxpresso.tools.win32_11.9.0.202307121226/tools/bin/../lib/gcc/arm-none-eabi/12.3.1/../../../../arm-none-eabi/lib/thumb/v7e-m+fp/hard\libcr_c.a(memset.o)
 .debug_info    0x00010a0b      0x506 c:/nxp/mcuxpressoide_11.9.0_2144/ide/plugins/com.nxp.mcuxpresso.tools.win32_11.9.0.202307121226/tools/bin/../lib/gcc/arm-none-eabi/12.3.1/../../../../arm-none-eabi/lib/thumb/v7e-m+fp/hard\libcr_c.a(alloc.o)
 .debug_info    0x00010f11       0x44 c:/nxp/mcuxpressoide_11.9.0_2144/ide/plugins/com.nxp.mcuxpresso.tools.win32_11.9.0.202307121226/tools/bin/../lib/gcc/arm-none-eabi/12.3.1/../../../../arm-none-eabi/lib/thumb/v7e-m+fp/hard\libcr_c.a(errno.o)
 .debug_info    0x00010f55      0x339 c:/nxp/mcuxpressoide_11.9.0_2144/ide/plugins/com.nxp.mcuxpresso.tools.win32_11.9.0.202307121226/tools/bin/../lib/gcc/arm-none-eabi/12.3.1/../../../../arm-none-eabi/lib/thumb/v7e-m+fp/hard\libcr_c.a(initio.o)
 .debug_info    0x0001128e      0x165 c:/nxp/mcuxpressoide_11.9.0_2144/ide/plugins/com.nxp.mcuxpresso.tools.win32_11.9.0.202307121226/tools/bin/../lib/gcc/arm-none-eabi/12.3.1/../../../../arm-none-eabi/lib/thumb/v7e-m+fp/hard\libcr_c.a(modf.o)
 .debug_info    0x000113f3      0x625 c:/nxp/mcuxpressoide_11.9.0_2144/ide/plugins/com.nxp.mcuxpresso.tools.win32_11.9.0.202307121226/tools/bin/../lib/gcc/arm-none-eabi/12.3.1/../../../../arm-none-eabi/lib/thumb/v7e-m+fp/hard\libcr_c.a(pow.o)
 .debug_info    0x00011a18      0x1f6 c:/nxp/mcuxpressoide_11.9.0_2144/ide/plugins/com.nxp.mcuxpresso.tools.win32_11.9.0.202307121226/tools/bin/../lib/gcc/arm-none-eabi/12.3.1/../../../../arm-none-eabi/lib/thumb/v7e-m+fp/hard\libcr_c.a(setvbuf.o)
 .debug_info    0x00011c0e       0xda c:/nxp/mcuxpressoide_11.9.0_2144/ide/plugins/com.nxp.mcuxpresso.tools.win32_11.9.0.202307121226/tools/bin/../lib/gcc/arm-none-eabi/12.3.1/../../../../arm-none-eabi/lib/thumb/v7e-m+fp/hard\libcr_c.a(strlen.o)
 .debug_info    0x00011ce8      0x362 c:/nxp/mcuxpressoide_11.9.0_2144/ide/plugins/com.nxp.mcuxpresso.tools.win32_11.9.0.202307121226/tools/bin/../lib/gcc/arm-none-eabi/12.3.1/../../../../arm-none-eabi/lib/thumb/v7e-m+fp/hard\libcr_c.a(_deferredlazyseek.o)
 .debug_info    0x0001204a      0x244 c:/nxp/mcuxpressoide_11.9.0_2144/ide/plugins/com.nxp.mcuxpresso.tools.win32_11.9.0.202307121226/tools/bin/../lib/gcc/arm-none-eabi/12.3.1/../../../../arm-none-eabi/lib/thumb/v7e-m+fp/hard\libcr_c.a(_fdopen.o)
 .debug_info    0x0001228e      0x1e3 c:/nxp/mcuxpressoide_11.9.0_2144/ide/plugins/com.nxp.mcuxpresso.tools.win32_11.9.0.202307121226/tools/bin/../lib/gcc/arm-none-eabi/12.3.1/../../../../arm-none-eabi/lib/thumb/v7e-m+fp/hard\libcr_c.a(_fflush.o)
 .debug_info    0x00012471      0x282 c:/nxp/mcuxpressoide_11.9.0_2144/ide/plugins/com.nxp.mcuxpresso.tools.win32_11.9.0.202307121226/tools/bin/../lib/gcc/arm-none-eabi/12.3.1/../../../../arm-none-eabi/lib/thumb/v7e-m+fp/hard\libcr_c.a(_writebuf.o)
 .debug_info    0x000126f3      0x318 c:/nxp/mcuxpressoide_11.9.0_2144/ide/plugins/com.nxp.mcuxpresso.tools.win32_11.9.0.202307121226/tools/bin/../lib/gcc/arm-none-eabi/12.3.1/../../../../arm-none-eabi/lib/thumb/v7e-m+fp/hard\libcr_c.a(fclose.o)
 .debug_info    0x00012a0b      0x202 c:/nxp/mcuxpressoide_11.9.0_2144/ide/plugins/com.nxp.mcuxpresso.tools.win32_11.9.0.202307121226/tools/bin/../lib/gcc/arm-none-eabi/12.3.1/../../../../arm-none-eabi/lib/thumb/v7e-m+fp/hard\libcr_c.a(fflush.o)
 .debug_info    0x00012c0d      0x166 c:/nxp/mcuxpressoide_11.9.0_2144/ide/plugins/com.nxp.mcuxpresso.tools.win32_11.9.0.202307121226/tools/bin/../lib/gcc/arm-none-eabi/12.3.1/../../../../arm-none-eabi/lib/thumb/v7e-m+fp/hard\libcr_c.a(frexp.o)
 .debug_info    0x00012d73      0x276 c:/nxp/mcuxpressoide_11.9.0_2144/ide/plugins/com.nxp.mcuxpresso.tools.win32_11.9.0.202307121226/tools/bin/../lib/gcc/arm-none-eabi/12.3.1/../../../../arm-none-eabi/lib/thumb/v7e-m+fp/hard\libcr_c.a(fseek.o)
 .debug_info    0x00012fe9      0x190 c:/nxp/mcuxpressoide_11.9.0_2144/ide/plugins/com.nxp.mcuxpresso.tools.win32_11.9.0.202307121226/tools/bin/../lib/gcc/arm-none-eabi/12.3.1/../../../../arm-none-eabi/lib/thumb/v7e-m+fp/hard\libcr_c.a(ftell.o)
 .debug_info    0x00013179      0x14e c:/nxp/mcuxpressoide_11.9.0_2144/ide/plugins/com.nxp.mcuxpresso.tools.win32_11.9.0.202307121226/tools/bin/../lib/gcc/arm-none-eabi/12.3.1/../../../../arm-none-eabi/lib/thumb/v7e-m+fp/hard\libcr_c.a(ldexp.o)
 .debug_info    0x000132c7      0x1ca c:/nxp/mcuxpressoide_11.9.0_2144/ide/plugins/com.nxp.mcuxpresso.tools.win32_11.9.0.202307121226/tools/bin/../lib/gcc/arm-none-eabi/12.3.1/../../../../arm-none-eabi/lib/thumb/v7e-m+fp/hard\libcr_c.a(remove.o)
 .debug_info    0x00013491      0x23a c:/nxp/mcuxpressoide_11.9.0_2144/ide/plugins/com.nxp.mcuxpresso.tools.win32_11.9.0.202307121226/tools/bin/../lib/gcc/arm-none-eabi/12.3.1/../../../../arm-none-eabi/lib/thumb/v7e-m+fp/hard\libcr_c.a(_do_fflush.o)
 .debug_info    0x000136cb     0x215f c:/nxp/mcuxpressoide_11.9.0_2144/ide/plugins/com.nxp.mcuxpresso.tools.win32_11.9.0.202307121226/tools/bin/../lib/gcc/arm-none-eabi/12.3.1/thumb/v7e-m+fp/hard\libcr_eabihelpers.a(double.o)
 .debug_info    0x0001582a      0x18b c:/nxp/mcuxpressoide_11.9.0_2144/ide/plugins/com.nxp.mcuxpresso.tools.win32_11.9.0.202307121226/tools/bin/../lib/gcc/arm-none-eabi/12.3.1/../../../../arm-none-eabi/lib/thumb/v7e-m+fp/hard\libcr_nohost_nf.a(__ciob.o)
 .debug_info    0x000159b5       0x5c c:/nxp/mcuxpressoide_11.9.0_2144/ide/plugins/com.nxp.mcuxpresso.tools.win32_11.9.0.202307121226/tools/bin/../lib/gcc/arm-none-eabi/12.3.1/../../../../arm-none-eabi/lib/thumb/v7e-m+fp/hard\libcr_nohost_nf.a(__sys_close.o)
 .debug_info    0x00015a11       0x5c c:/nxp/mcuxpressoide_11.9.0_2144/ide/plugins/com.nxp.mcuxpresso.tools.win32_11.9.0.202307121226/tools/bin/../lib/gcc/arm-none-eabi/12.3.1/../../../../arm-none-eabi/lib/thumb/v7e-m+fp/hard\libcr_nohost_nf.a(__sys_flen.o)
 .debug_info    0x00015a6d       0x5c c:/nxp/mcuxpressoide_11.9.0_2144/ide/plugins/com.nxp.mcuxpresso.tools.win32_11.9.0.202307121226/tools/bin/../lib/gcc/arm-none-eabi/12.3.1/../../../../arm-none-eabi/lib/thumb/v7e-m+fp/hard\libcr_nohost_nf.a(__sys_istty.o)
 .debug_info    0x00015ac9       0x7c c:/nxp/mcuxpressoide_11.9.0_2144/ide/plugins/com.nxp.mcuxpresso.tools.win32_11.9.0.202307121226/tools/bin/../lib/gcc/arm-none-eabi/12.3.1/../../../../arm-none-eabi/lib/thumb/v7e-m+fp/hard\libcr_nohost_nf.a(__sys_remove.o)
 .debug_info    0x00015b45       0x6a c:/nxp/mcuxpressoide_11.9.0_2144/ide/plugins/com.nxp.mcuxpresso.tools.win32_11.9.0.202307121226/tools/bin/../lib/gcc/arm-none-eabi/12.3.1/../../../../arm-none-eabi/lib/thumb/v7e-m+fp/hard\libcr_nohost_nf.a(__sys_seek.o)
 .debug_info    0x00015baf       0x85 c:/nxp/mcuxpressoide_11.9.0_2144/ide/plugins/com.nxp.mcuxpresso.tools.win32_11.9.0.202307121226/tools/bin/../lib/gcc/arm-none-eabi/12.3.1/../../../../arm-none-eabi/lib/thumb/v7e-m+fp/hard\libcr_nohost_nf.a(__sys_tmpnam.o)
 .debug_info    0x00015c34       0x85 c:/nxp/mcuxpressoide_11.9.0_2144/ide/plugins/com.nxp.mcuxpresso.tools.win32_11.9.0.202307121226/tools/bin/../lib/gcc/arm-none-eabi/12.3.1/../../../../arm-none-eabi/lib/thumb/v7e-m+fp/hard\libcr_nohost_nf.a(__sys_write.o)

.debug_abbrev   0x00000000     0x44a5
 .debug_abbrev  0x00000000       0xbd ./utilities/fsl_assert.o
 .debug_abbrev  0x000000bd      0x251 ./utilities/fsl_debug_console.o
 .debug_abbrev  0x0000030e       0x14 ./utilities/fsl_memcpy.o
 .debug_abbrev  0x00000322      0x17a ./startup/startup_mk22f51212.o
 .debug_abbrev  0x0000049c      0x49b ./source/ftm_simple_pwm.o
 .debug_abbrev  0x00000937       0x31 ./source/semihost_hardfault.o
 .debug_abbrev  0x00000968      0x2a4 ./drivers/fsl_adc16.o
 .debug_abbrev  0x00000c0c      0x378 ./drivers/fsl_clock.o
 .debug_abbrev  0x00000f84      0x2cd ./drivers/fsl_ftm.o
 .debug_abbrev  0x00001251      0x1c7 ./drivers/fsl_gpio.o
 .debug_abbrev  0x00001418      0x439 ./drivers/fsl_lpuart.o
 .debug_abbrev  0x00001851      0x44c ./drivers/fsl_uart.o
 .debug_abbrev  0x00001c9d      0x148 ./device/system_MK22F51212.o
 .debug_abbrev  0x00001de5      0x214 ./component/uart/fsl_adapter_uart.o
 .debug_abbrev  0x00001ff9      0x2e2 ./component/timer/fsl_adapter_ftm.o
 .debug_abbrev  0x000022db       0xb8 ./board/board.o
 .debug_abbrev  0x00002393      0x247 ./board/clock_config.o
 .debug_abbrev  0x000025da      0x1dc ./board/pin_mux.o
 .debug_abbrev  0x000027b6       0x70 c:/nxp/mcuxpressoide_11.9.0_2144/ide/plugins/com.nxp.mcuxpresso.tools.win32_11.9.0.202307121226/tools/bin/../lib/gcc/arm-none-eabi/12.3.1/../../../../arm-none-eabi/lib/thumb/v7e-m+fp/hard\libcr_nohost_nf.a(_cr__main.o)
 .debug_abbrev  0x00002826       0xa8 c:/nxp/mcuxpressoide_11.9.0_2144/ide/plugins/com.nxp.mcuxpresso.tools.win32_11.9.0.202307121226/tools/bin/../lib/gcc/arm-none-eabi/12.3.1/../../../../arm-none-eabi/lib/thumb/v7e-m+fp/hard\libcr_c.a(memset.o)
 .debug_abbrev  0x000028ce      0x284 c:/nxp/mcuxpressoide_11.9.0_2144/ide/plugins/com.nxp.mcuxpresso.tools.win32_11.9.0.202307121226/tools/bin/../lib/gcc/arm-none-eabi/12.3.1/../../../../arm-none-eabi/lib/thumb/v7e-m+fp/hard\libcr_c.a(alloc.o)
 .debug_abbrev  0x00002b52       0x44 c:/nxp/mcuxpressoide_11.9.0_2144/ide/plugins/com.nxp.mcuxpresso.tools.win32_11.9.0.202307121226/tools/bin/../lib/gcc/arm-none-eabi/12.3.1/../../../../arm-none-eabi/lib/thumb/v7e-m+fp/hard\libcr_c.a(errno.o)
 .debug_abbrev  0x00002b96      0x169 c:/nxp/mcuxpressoide_11.9.0_2144/ide/plugins/com.nxp.mcuxpresso.tools.win32_11.9.0.202307121226/tools/bin/../lib/gcc/arm-none-eabi/12.3.1/../../../../arm-none-eabi/lib/thumb/v7e-m+fp/hard\libcr_c.a(initio.o)
 .debug_abbrev  0x00002cff      0x104 c:/nxp/mcuxpressoide_11.9.0_2144/ide/plugins/com.nxp.mcuxpresso.tools.win32_11.9.0.202307121226/tools/bin/../lib/gcc/arm-none-eabi/12.3.1/../../../../arm-none-eabi/lib/thumb/v7e-m+fp/hard\libcr_c.a(modf.o)
 .debug_abbrev  0x00002e03      0x129 c:/nxp/mcuxpressoide_11.9.0_2144/ide/plugins/com.nxp.mcuxpresso.tools.win32_11.9.0.202307121226/tools/bin/../lib/gcc/arm-none-eabi/12.3.1/../../../../arm-none-eabi/lib/thumb/v7e-m+fp/hard\libcr_c.a(pow.o)
 .debug_abbrev  0x00002f2c       0xe1 c:/nxp/mcuxpressoide_11.9.0_2144/ide/plugins/com.nxp.mcuxpresso.tools.win32_11.9.0.202307121226/tools/bin/../lib/gcc/arm-none-eabi/12.3.1/../../../../arm-none-eabi/lib/thumb/v7e-m+fp/hard\libcr_c.a(setvbuf.o)
 .debug_abbrev  0x0000300d       0xa7 c:/nxp/mcuxpressoide_11.9.0_2144/ide/plugins/com.nxp.mcuxpresso.tools.win32_11.9.0.202307121226/tools/bin/../lib/gcc/arm-none-eabi/12.3.1/../../../../arm-none-eabi/lib/thumb/v7e-m+fp/hard\libcr_c.a(strlen.o)
 .debug_abbrev  0x000030b4      0x152 c:/nxp/mcuxpressoide_11.9.0_2144/ide/plugins/com.nxp.mcuxpresso.tools.win32_11.9.0.202307121226/tools/bin/../lib/gcc/arm-none-eabi/12.3.1/../../../../arm-none-eabi/lib/thumb/v7e-m+fp/hard\libcr_c.a(_deferredlazyseek.o)
 .debug_abbrev  0x00003206      0x119 c:/nxp/mcuxpressoide_11.9.0_2144/ide/plugins/com.nxp.mcuxpresso.tools.win32_11.9.0.202307121226/tools/bin/../lib/gcc/arm-none-eabi/12.3.1/../../../../arm-none-eabi/lib/thumb/v7e-m+fp/hard\libcr_c.a(_fdopen.o)
 .debug_abbrev  0x0000331f       0xf1 c:/nxp/mcuxpressoide_11.9.0_2144/ide/plugins/com.nxp.mcuxpresso.tools.win32_11.9.0.202307121226/tools/bin/../lib/gcc/arm-none-eabi/12.3.1/../../../../arm-none-eabi/lib/thumb/v7e-m+fp/hard\libcr_c.a(_fflush.o)
 .debug_abbrev  0x00003410      0x126 c:/nxp/mcuxpressoide_11.9.0_2144/ide/plugins/com.nxp.mcuxpresso.tools.win32_11.9.0.202307121226/tools/bin/../lib/gcc/arm-none-eabi/12.3.1/../../../../arm-none-eabi/lib/thumb/v7e-m+fp/hard\libcr_c.a(_writebuf.o)
 .debug_abbrev  0x00003536      0x155 c:/nxp/mcuxpressoide_11.9.0_2144/ide/plugins/com.nxp.mcuxpresso.tools.win32_11.9.0.202307121226/tools/bin/../lib/gcc/arm-none-eabi/12.3.1/../../../../arm-none-eabi/lib/thumb/v7e-m+fp/hard\libcr_c.a(fclose.o)
 .debug_abbrev  0x0000368b      0x125 c:/nxp/mcuxpressoide_11.9.0_2144/ide/plugins/com.nxp.mcuxpresso.tools.win32_11.9.0.202307121226/tools/bin/../lib/gcc/arm-none-eabi/12.3.1/../../../../arm-none-eabi/lib/thumb/v7e-m+fp/hard\libcr_c.a(fflush.o)
 .debug_abbrev  0x000037b0      0x114 c:/nxp/mcuxpressoide_11.9.0_2144/ide/plugins/com.nxp.mcuxpresso.tools.win32_11.9.0.202307121226/tools/bin/../lib/gcc/arm-none-eabi/12.3.1/../../../../arm-none-eabi/lib/thumb/v7e-m+fp/hard\libcr_c.a(frexp.o)
 .debug_abbrev  0x000038c4      0x11b c:/nxp/mcuxpressoide_11.9.0_2144/ide/plugins/com.nxp.mcuxpresso.tools.win32_11.9.0.202307121226/tools/bin/../lib/gcc/arm-none-eabi/12.3.1/../../../../arm-none-eabi/lib/thumb/v7e-m+fp/hard\libcr_c.a(fseek.o)
 .debug_abbrev  0x000039df       0xc2 c:/nxp/mcuxpressoide_11.9.0_2144/ide/plugins/com.nxp.mcuxpresso.tools.win32_11.9.0.202307121226/tools/bin/../lib/gcc/arm-none-eabi/12.3.1/../../../../arm-none-eabi/lib/thumb/v7e-m+fp/hard\libcr_c.a(ftell.o)
 .debug_abbrev  0x00003aa1      0x106 c:/nxp/mcuxpressoide_11.9.0_2144/ide/plugins/com.nxp.mcuxpresso.tools.win32_11.9.0.202307121226/tools/bin/../lib/gcc/arm-none-eabi/12.3.1/../../../../arm-none-eabi/lib/thumb/v7e-m+fp/hard\libcr_c.a(ldexp.o)
 .debug_abbrev  0x00003ba7       0xfb c:/nxp/mcuxpressoide_11.9.0_2144/ide/plugins/com.nxp.mcuxpresso.tools.win32_11.9.0.202307121226/tools/bin/../lib/gcc/arm-none-eabi/12.3.1/../../../../arm-none-eabi/lib/thumb/v7e-m+fp/hard\libcr_c.a(remove.o)
 .debug_abbrev  0x00003ca2      0x12c c:/nxp/mcuxpressoide_11.9.0_2144/ide/plugins/com.nxp.mcuxpresso.tools.win32_11.9.0.202307121226/tools/bin/../lib/gcc/arm-none-eabi/12.3.1/../../../../arm-none-eabi/lib/thumb/v7e-m+fp/hard\libcr_c.a(_do_fflush.o)
 .debug_abbrev  0x00003dce      0x364 c:/nxp/mcuxpressoide_11.9.0_2144/ide/plugins/com.nxp.mcuxpresso.tools.win32_11.9.0.202307121226/tools/bin/../lib/gcc/arm-none-eabi/12.3.1/thumb/v7e-m+fp/hard\libcr_eabihelpers.a(double.o)
 .debug_abbrev  0x00004132       0xb5 c:/nxp/mcuxpressoide_11.9.0_2144/ide/plugins/com.nxp.mcuxpresso.tools.win32_11.9.0.202307121226/tools/bin/../lib/gcc/arm-none-eabi/12.3.1/../../../../arm-none-eabi/lib/thumb/v7e-m+fp/hard\libcr_nohost_nf.a(__ciob.o)
 .debug_abbrev  0x000041e7       0x51 c:/nxp/mcuxpressoide_11.9.0_2144/ide/plugins/com.nxp.mcuxpresso.tools.win32_11.9.0.202307121226/tools/bin/../lib/gcc/arm-none-eabi/12.3.1/../../../../arm-none-eabi/lib/thumb/v7e-m+fp/hard\libcr_nohost_nf.a(__sys_close.o)
 .debug_abbrev  0x00004238       0x51 c:/nxp/mcuxpressoide_11.9.0_2144/ide/plugins/com.nxp.mcuxpresso.tools.win32_11.9.0.202307121226/tools/bin/../lib/gcc/arm-none-eabi/12.3.1/../../../../arm-none-eabi/lib/thumb/v7e-m+fp/hard\libcr_nohost_nf.a(__sys_flen.o)
 .debug_abbrev  0x00004289       0x51 c:/nxp/mcuxpressoide_11.9.0_2144/ide/plugins/com.nxp.mcuxpresso.tools.win32_11.9.0.202307121226/tools/bin/../lib/gcc/arm-none-eabi/12.3.1/../../../../arm-none-eabi/lib/thumb/v7e-m+fp/hard\libcr_nohost_nf.a(__sys_istty.o)
 .debug_abbrev  0x000042da       0x7d c:/nxp/mcuxpressoide_11.9.0_2144/ide/plugins/com.nxp.mcuxpresso.tools.win32_11.9.0.202307121226/tools/bin/../lib/gcc/arm-none-eabi/12.3.1/../../../../arm-none-eabi/lib/thumb/v7e-m+fp/hard\libcr_nohost_nf.a(__sys_remove.o)
 .debug_abbrev  0x00004357       0x62 c:/nxp/mcuxpressoide_11.9.0_2144/ide/plugins/com.nxp.mcuxpresso.tools.win32_11.9.0.202307121226/tools/bin/../lib/gcc/arm-none-eabi/12.3.1/../../../../arm-none-eabi/lib/thumb/v7e-m+fp/hard\libcr_nohost_nf.a(__sys_seek.o)
 .debug_abbrev  0x000043b9       0x76 c:/nxp/mcuxpressoide_11.9.0_2144/ide/plugins/com.nxp.mcuxpresso.tools.win32_11.9.0.202307121226/tools/bin/../lib/gcc/arm-none-eabi/12.3.1/../../../../arm-none-eabi/lib/thumb/v7e-m+fp/hard\libcr_nohost_nf.a(__sys_tmpnam.o)
 .debug_abbrev  0x0000442f       0x76 c:/nxp/mcuxpressoide_11.9.0_2144/ide/plugins/com.nxp.mcuxpresso.tools.win32_11.9.0.202307121226/tools/bin/../lib/gcc/arm-none-eabi/12.3.1/../../../../arm-none-eabi/lib/thumb/v7e-m+fp/hard\libcr_nohost_nf.a(__sys_write.o)

.debug_aranges  0x00000000     0x11f8
 .debug_aranges
                0x00000000       0x28 ./utilities/fsl_assert.o
 .debug_aranges
                0x00000028       0x80 ./utilities/fsl_debug_console.o
 .debug_aranges
                0x000000a8       0x20 ./utilities/fsl_memcpy.o
 .debug_aranges
                0x000000c8      0x2d0 ./startup/startup_mk22f51212.o
 .debug_aranges
                0x00000398      0x120 ./source/ftm_simple_pwm.o
 .debug_aranges
                0x000004b8       0x20 ./source/semihost_hardfault.o
 .debug_aranges
                0x000004d8       0x88 ./drivers/fsl_adc16.o
 .debug_aranges
                0x00000560      0x208 ./drivers/fsl_clock.o
 .debug_aranges
                0x00000768       0xd8 ./drivers/fsl_ftm.o
 .debug_aranges
                0x00000840       0x40 ./drivers/fsl_gpio.o
 .debug_aranges
                0x00000880      0x158 ./drivers/fsl_lpuart.o
 .debug_aranges
                0x000009d8      0x188 ./drivers/fsl_uart.o
 .debug_aranges
                0x00000b60       0x30 ./device/system_MK22F51212.o
 .debug_aranges
                0x00000b90       0x50 ./component/uart/fsl_adapter_uart.o
 .debug_aranges
                0x00000be0       0xb0 ./component/timer/fsl_adapter_ftm.o
 .debug_aranges
                0x00000c90       0x20 ./board/board.o
 .debug_aranges
                0x00000cb0       0x60 ./board/clock_config.o
 .debug_aranges
                0x00000d10       0x40 ./board/pin_mux.o
 .debug_aranges
                0x00000d50       0x20 c:/nxp/mcuxpressoide_11.9.0_2144/ide/plugins/com.nxp.mcuxpresso.tools.win32_11.9.0.202307121226/tools/bin/../lib/gcc/arm-none-eabi/12.3.1/../../../../arm-none-eabi/lib/thumb/v7e-m+fp/hard\libcr_nohost_nf.a(_cr__main.o)
 .debug_aranges
                0x00000d70       0x20 c:/nxp/mcuxpressoide_11.9.0_2144/ide/plugins/com.nxp.mcuxpresso.tools.win32_11.9.0.202307121226/tools/bin/../lib/gcc/arm-none-eabi/12.3.1/../../../../arm-none-eabi/lib/thumb/v7e-m+fp/hard\libcr_c.a(memset.o)
 .debug_aranges
                0x00000d90       0x40 c:/nxp/mcuxpressoide_11.9.0_2144/ide/plugins/com.nxp.mcuxpresso.tools.win32_11.9.0.202307121226/tools/bin/../lib/gcc/arm-none-eabi/12.3.1/../../../../arm-none-eabi/lib/thumb/v7e-m+fp/hard\libcr_c.a(alloc.o)
 .debug_aranges
                0x00000dd0       0x18 c:/nxp/mcuxpressoide_11.9.0_2144/ide/plugins/com.nxp.mcuxpresso.tools.win32_11.9.0.202307121226/tools/bin/../lib/gcc/arm-none-eabi/12.3.1/../../../../arm-none-eabi/lib/thumb/v7e-m+fp/hard\libcr_c.a(errno.o)
 .debug_aranges
                0x00000de8       0x28 c:/nxp/mcuxpressoide_11.9.0_2144/ide/plugins/com.nxp.mcuxpresso.tools.win32_11.9.0.202307121226/tools/bin/../lib/gcc/arm-none-eabi/12.3.1/../../../../arm-none-eabi/lib/thumb/v7e-m+fp/hard\libcr_c.a(initio.o)
 .debug_aranges
                0x00000e10       0x20 c:/nxp/mcuxpressoide_11.9.0_2144/ide/plugins/com.nxp.mcuxpresso.tools.win32_11.9.0.202307121226/tools/bin/../lib/gcc/arm-none-eabi/12.3.1/../../../../arm-none-eabi/lib/thumb/v7e-m+fp/hard\libcr_c.a(modf.o)
 .debug_aranges
                0x00000e30       0x20 c:/nxp/mcuxpressoide_11.9.0_2144/ide/plugins/com.nxp.mcuxpresso.tools.win32_11.9.0.202307121226/tools/bin/../lib/gcc/arm-none-eabi/12.3.1/../../../../arm-none-eabi/lib/thumb/v7e-m+fp/hard\libcr_c.a(pow.o)
 .debug_aranges
                0x00000e50       0x20 c:/nxp/mcuxpressoide_11.9.0_2144/ide/plugins/com.nxp.mcuxpresso.tools.win32_11.9.0.202307121226/tools/bin/../lib/gcc/arm-none-eabi/12.3.1/../../../../arm-none-eabi/lib/thumb/v7e-m+fp/hard\libcr_c.a(setvbuf.o)
 .debug_aranges
                0x00000e70       0x20 c:/nxp/mcuxpressoide_11.9.0_2144/ide/plugins/com.nxp.mcuxpresso.tools.win32_11.9.0.202307121226/tools/bin/../lib/gcc/arm-none-eabi/12.3.1/../../../../arm-none-eabi/lib/thumb/v7e-m+fp/hard\libcr_c.a(strlen.o)
 .debug_aranges
                0x00000e90       0x28 c:/nxp/mcuxpressoide_11.9.0_2144/ide/plugins/com.nxp.mcuxpresso.tools.win32_11.9.0.202307121226/tools/bin/../lib/gcc/arm-none-eabi/12.3.1/../../../../arm-none-eabi/lib/thumb/v7e-m+fp/hard\libcr_c.a(_deferredlazyseek.o)
 .debug_aranges
                0x00000eb8       0x20 c:/nxp/mcuxpressoide_11.9.0_2144/ide/plugins/com.nxp.mcuxpresso.tools.win32_11.9.0.202307121226/tools/bin/../lib/gcc/arm-none-eabi/12.3.1/../../../../arm-none-eabi/lib/thumb/v7e-m+fp/hard\libcr_c.a(_fdopen.o)
 .debug_aranges
                0x00000ed8       0x20 c:/nxp/mcuxpressoide_11.9.0_2144/ide/plugins/com.nxp.mcuxpresso.tools.win32_11.9.0.202307121226/tools/bin/../lib/gcc/arm-none-eabi/12.3.1/../../../../arm-none-eabi/lib/thumb/v7e-m+fp/hard\libcr_c.a(_fflush.o)
 .debug_aranges
                0x00000ef8       0x20 c:/nxp/mcuxpressoide_11.9.0_2144/ide/plugins/com.nxp.mcuxpresso.tools.win32_11.9.0.202307121226/tools/bin/../lib/gcc/arm-none-eabi/12.3.1/../../../../arm-none-eabi/lib/thumb/v7e-m+fp/hard\libcr_c.a(_writebuf.o)
 .debug_aranges
                0x00000f18       0x20 c:/nxp/mcuxpressoide_11.9.0_2144/ide/plugins/com.nxp.mcuxpresso.tools.win32_11.9.0.202307121226/tools/bin/../lib/gcc/arm-none-eabi/12.3.1/../../../../arm-none-eabi/lib/thumb/v7e-m+fp/hard\libcr_c.a(fclose.o)
 .debug_aranges
                0x00000f38       0x20 c:/nxp/mcuxpressoide_11.9.0_2144/ide/plugins/com.nxp.mcuxpresso.tools.win32_11.9.0.202307121226/tools/bin/../lib/gcc/arm-none-eabi/12.3.1/../../../../arm-none-eabi/lib/thumb/v7e-m+fp/hard\libcr_c.a(fflush.o)
 .debug_aranges
                0x00000f58       0x20 c:/nxp/mcuxpressoide_11.9.0_2144/ide/plugins/com.nxp.mcuxpresso.tools.win32_11.9.0.202307121226/tools/bin/../lib/gcc/arm-none-eabi/12.3.1/../../../../arm-none-eabi/lib/thumb/v7e-m+fp/hard\libcr_c.a(frexp.o)
 .debug_aranges
                0x00000f78       0x20 c:/nxp/mcuxpressoide_11.9.0_2144/ide/plugins/com.nxp.mcuxpresso.tools.win32_11.9.0.202307121226/tools/bin/../lib/gcc/arm-none-eabi/12.3.1/../../../../arm-none-eabi/lib/thumb/v7e-m+fp/hard\libcr_c.a(fseek.o)
 .debug_aranges